[    0.000000] Initializing cgroup subsys cpuset
[    0.000000] Initializing cgroup subsys cpu
[    0.000000] Linux version 3.2.0-67-generic-pae (buildd@toyol) (gcc version 4.6.3 (Ubuntu/Linaro 4.6.3-1ubuntu5) ) #101-Ubuntu SMP Tue Jul 15 18:04:54 UTC 2014 (Ubuntu 3.2.0-67.101-generic-pae 3.2.60)
[    0.000000] KERNEL supported cpus:
[    0.000000]   Intel GenuineIntel
[    0.000000]   AMD AuthenticAMD
[    0.000000]   NSC Geode by NSC
[    0.000000]   Cyrix CyrixInstead
[    0.000000]   Centaur CentaurHauls
[    0.000000]   Transmeta GenuineTMx86
[    0.000000]   Transmeta TransmetaCPU
[    0.000000]   UMC UMC UMC UMC
[    0.000000] BIOS-provided physical RAM map:
[    0.000000]  BIOS-e820: 0000000000000000 - 0000000000099c00 (usable)
[    0.000000]  BIOS-e820: 0000000000099c00 - 00000000000a0000 (reserved)
[    0.000000]  BIOS-e820: 00000000000e0000 - 0000000000100000 (reserved)
[    0.000000]  BIOS-e820: 0000000000100000 - 00000000062bf000 (usable)
[    0.000000]  BIOS-e820: 00000000062bf000 - 0000000006400000 (ACPI NVS)
[    0.000000]  BIOS-e820: 0000000006400000 - 000000000dffc000 (usable)
[    0.000000]  BIOS-e820: 000000000dffc000 - 000000000e000000 (ACPI data)
[    0.000000]  BIOS-e820: 000000000e000000 - 00000000aa77f000 (usable)
[    0.000000]  BIOS-e820: 00000000aa77f000 - 00000000ac814000 (reserved)
[    0.000000]  BIOS-e820: 00000000ac814000 - 00000000ad800000 (usable)
[    0.000000]  BIOS-e820: 00000000b0000000 - 00000000b4000000 (reserved)
[    0.000000]  BIOS-e820: 00000000fed20000 - 00000000fed40000 (reserved)
[    0.000000]  BIOS-e820: 00000000fed50000 - 00000000fed90000 (reserved)
[    0.000000]  BIOS-e820: 00000000ffa00000 - 00000000ffa40000 (reserved)
[    0.000000]  BIOS-e820: 0000000100000000 - 0000000250000000 (usable)
[    0.000000] NX (Execute Disable) protection: active
[    0.000000] SMBIOS 2.6 present.
[    0.000000] DMI: Dell Inc. Precision T5600/0Y56T3, BIOS A06 10/25/2012
[    0.000000] e820 update range: 0000000000000000 - 0000000000010000 (usable) ==> (reserved)
[    0.000000] e820 remove range: 00000000000a0000 - 0000000000100000 (usable)
[    0.000000] last_pfn = 0x250000 max_arch_pfn = 0x1000000
[    0.000000] MTRR default type: uncachable
[    0.000000] MTRR fixed ranges enabled:
[    0.000000]   00000-9FFFF write-back
[    0.000000]   A0000-BFFFF uncachable
[    0.000000]   C0000-FFFFF write-protect
[    0.000000] MTRR variable ranges enabled:
[    0.000000]   0 base 000000000000 mask 3FFE00000000 write-back
[    0.000000]   1 base 000200000000 mask 3FFFC0000000 write-back
[    0.000000]   2 base 000240000000 mask 3FFFF0000000 write-back
[    0.000000]   3 base 0000AE000000 mask 3FFFFE000000 uncachable
[    0.000000]   4 base 0000B0000000 mask 3FFFF0000000 uncachable
[    0.000000]   5 base 0000C0000000 mask 3FFFC0000000 uncachable
[    0.000000]   6 disabled
[    0.000000]   7 disabled
[    0.000000]   8 disabled
[    0.000000]   9 disabled
[    0.000000] x86 PAT enabled: cpu 0, old 0x7040600070406, new 0x7010600070106
[    0.000000] original variable MTRRs
[    0.000000] reg 0, base: 0GB, range: 8GB, type WB
[    0.000000] reg 1, base: 8GB, range: 1GB, type WB
[    0.000000] reg 2, base: 9GB, range: 256MB, type WB
[    0.000000] reg 3, base: 2784MB, range: 32MB, type UC
[    0.000000] reg 4, base: 2816MB, range: 256MB, type UC
[    0.000000] reg 5, base: 3GB, range: 1GB, type UC
[    0.000000] total RAM covered: 8160M
[    0.000000] Found optimal setting for mtrr clean up
[    0.000000]  gran_size: 64K 	chunk_size: 64M 	num_reg: 7  	lose cover RAM: 0G
[    0.000000] New variable MTRRs
[    0.000000] reg 0, base: 0GB, range: 2GB, type WB
[    0.000000] reg 1, base: 2GB, range: 512MB, type WB
[    0.000000] reg 2, base: 2560MB, range: 256MB, type WB
[    0.000000] reg 3, base: 2784MB, range: 32MB, type UC
[    0.000000] reg 4, base: 4GB, range: 4GB, type WB
[    0.000000] reg 5, base: 8GB, range: 1GB, type WB
[    0.000000] reg 6, base: 9GB, range: 256MB, type WB
[    0.000000] e820 update range: 00000000ae000000 - 0000000100000000 (usable) ==> (reserved)
[    0.000000] found SMP MP-table at [c00f1a00] f1a00
[    0.000000] initial memory mapped : 0 - 02000000
[    0.000000] Base memory trampoline at [c0095000] 95000 size 16384
[    0.000000] init_memory_mapping: 0000000000000000-0000000037bfe000
[    0.000000]  0000000000 - 0000200000 page 4k
[    0.000000]  0000200000 - 0037a00000 page 2M
[    0.000000]  0037a00000 - 0037bfe000 page 4k
[    0.000000] kernel direct mapping tables up to 37bfe000 @ 1ffa000-2000000
[    0.000000] RAMDISK: 364e0000 - 37268000
[    0.000000] ACPI: RSDP 000fe300 00024 (v02 DELL  )
[    0.000000] ACPI: XSDT 0dffee18 0007C (v01 DELL    CBX3    06222004 MSFT 00010013)
[    0.000000] ACPI: FACP 063f0c18 000F4 (v04 DELL    CBX3    06222004 MSFT 00010013)
[    0.000000] ACPI Warning: 32/64 FACS address mismatch in FADT - two FACS tables! (20110623/tbfadt-365)
[    0.000000] ACPI Warning: 32/64X FACS address mismatch in FADT - 0x063FDF40/0x00000000063F1F40, using 32 (20110623/tbfadt-489)
[    0.000000] ACPI: DSDT 063aa018 06373 (v01 DELL    CBX3    00000000 INTL 20091112)
[    0.000000] ACPI: FACS 063fdf40 00040
[    0.000000] ACPI: APIC 0dffce18 00164 (v02 DELL    CBX3    06222004 MSFT 00010013)
[    0.000000] ACPI: MCFG 063fed18 0003C (v01 A M I  OEMMCFG. 06222004 MSFT 00000097)
[    0.000000] ACPI: TCPA 063fec98 00032 (v02                 00000000      00000000)
[    0.000000] ACPI: SSDT 063efa98 00306 (v01 DELLTP      TPM 00003000 INTL 20091112)
[    0.000000] ACPI: SRAT 063ef718 00330 (v01 A M I  AMI SRAT 00000000 AMI. 00000000)
[    0.000000] ACPI: SLIT 063fec18 00030 (v01 A M I  AMI SLIT 00000000 AMI. 00000000)
[    0.000000] ACPI: HPET 063feb98 00038 (v01 A M I   PCHHPET 06222004 AMI. 00000003)
[    0.000000] ACPI: BOOT 063feb18 00028 (v01 DELL   CBX3     06222004 AMI  00010013)
[    0.000000] ACPI: SSDT 063b1018 369CE (v02  INTEL    CpuPm 00004000 INTL 20091112)
[    0.000000] ACPI: SLIC 063eec18 00176 (v03 DELL    CBX3    06222004 MSFT 00010013)
[    0.000000] ACPI: Local APIC address 0xfee00000
[    0.000000] 8580MB HIGHMEM available.
[    0.000000] 891MB LOWMEM available.
[    0.000000]   mapped low ram: 0 - 37bfe000
[    0.000000]   low ram: 0 - 37bfe000
[    0.000000] Zone PFN ranges:
[    0.000000]   DMA      0x00000010 -> 0x00001000
[    0.000000]   Normal   0x00001000 -> 0x00037bfe
[    0.000000]   HighMem  0x00037bfe -> 0x00250000
[    0.000000] Movable zone start PFN for each node
[    0.000000] early_node_map[6] active PFN ranges
[    0.000000]     0: 0x00000010 -> 0x00000099
[    0.000000]     0: 0x00000100 -> 0x000062bf
[    0.000000]     0: 0x00006400 -> 0x0000dffc
[    0.000000]     0: 0x0000e000 -> 0x000aa77f
[    0.000000]     0: 0x000ac814 -> 0x000ad800
[    0.000000]     0: 0x00100000 -> 0x00250000
[    0.000000] On node 0 totalpages: 2078127
[    0.000000] free_area_init_node: node 0, pgdat c1873b80, node_mem_map f1ae0200
[    0.000000]   DMA zone: 32 pages used for memmap
[    0.000000]   DMA zone: 0 pages reserved
[    0.000000]   DMA zone: 3945 pages, LIFO batch:0
[    0.000000]   Normal zone: 1752 pages used for memmap
[    0.000000]   Normal zone: 222177 pages, LIFO batch:31
[    0.000000]   HighMem zone: 17161 pages used for memmap
[    0.000000]   HighMem zone: 1833060 pages, LIFO batch:31
[    0.000000] Using APIC driver default
[    0.000000] ACPI: PM-Timer IO Port: 0x408
[    0.000000] ACPI: Local APIC address 0xfee00000
[    0.000000] ACPI: LAPIC (acpi_id[0x01] lapic_id[0x00] enabled)
[    0.000000] ACPI: LAPIC (acpi_id[0x02] lapic_id[0x02] enabled)
[    0.000000] ACPI: LAPIC (acpi_id[0x03] lapic_id[0x04] enabled)
[    0.000000] ACPI: LAPIC (acpi_id[0x04] lapic_id[0x06] enabled)
[    0.000000] ACPI: LAPIC (acpi_id[0x05] lapic_id[0x20] enabled)
[    0.000000] ACPI: LAPIC (acpi_id[0x06] lapic_id[0x22] enabled)
[    0.000000] ACPI: LAPIC (acpi_id[0x07] lapic_id[0x24] enabled)
[    0.000000] ACPI: LAPIC (acpi_id[0x08] lapic_id[0x26] enabled)
[    0.000000] ACPI: LAPIC (acpi_id[0x09] lapic_id[0x08] disabled)
[    0.000000] ACPI: LAPIC (acpi_id[0x0a] lapic_id[0x09] disabled)
[    0.000000] ACPI: LAPIC (acpi_id[0x0b] lapic_id[0x0a] disabled)
[    0.000000] ACPI: LAPIC (acpi_id[0x0c] lapic_id[0x0b] disabled)
[    0.000000] ACPI: LAPIC (acpi_id[0x0d] lapic_id[0x0c] disabled)
[    0.000000] ACPI: LAPIC (acpi_id[0x0e] lapic_id[0x0d] disabled)
[    0.000000] ACPI: LAPIC (acpi_id[0x0f] lapic_id[0x0e] disabled)
[    0.000000] ACPI: LAPIC (acpi_id[0x10] lapic_id[0x0f] disabled)
[    0.000000] ACPI: LAPIC (acpi_id[0x11] lapic_id[0x10] disabled)
[    0.000000] ACPI: LAPIC (acpi_id[0x12] lapic_id[0x11] disabled)
[    0.000000] ACPI: LAPIC (acpi_id[0x13] lapic_id[0x12] disabled)
[    0.000000] ACPI: LAPIC (acpi_id[0x14] lapic_id[0x13] disabled)
[    0.000000] ACPI: LAPIC (acpi_id[0x15] lapic_id[0x14] disabled)
[    0.000000] ACPI: LAPIC (acpi_id[0x16] lapic_id[0x15] disabled)
[    0.000000] ACPI: LAPIC (acpi_id[0x17] lapic_id[0x16] disabled)
[    0.000000] ACPI: LAPIC (acpi_id[0x18] lapic_id[0x17] disabled)
[    0.000000] ACPI: LAPIC (acpi_id[0x19] lapic_id[0x18] disabled)
[    0.000000] ACPI: LAPIC (acpi_id[0x1a] lapic_id[0x19] disabled)
[    0.000000] ACPI: LAPIC (acpi_id[0x1b] lapic_id[0x1a] disabled)
[    0.000000] ACPI: LAPIC (acpi_id[0x1c] lapic_id[0x1b] disabled)
[    0.000000] ACPI: LAPIC (acpi_id[0x1d] lapic_id[0x1c] disabled)
[    0.000000] ACPI: LAPIC (acpi_id[0x1e] lapic_id[0x1d] disabled)
[    0.000000] ACPI: LAPIC (acpi_id[0x1f] lapic_id[0x1e] disabled)
[    0.000000] ACPI: LAPIC (acpi_id[0x20] lapic_id[0x1f] disabled)
[    0.000000] ACPI: IOAPIC (id[0x00] address[0xfec00000] gsi_base[0])
[    0.000000] IOAPIC[0]: apic_id 0, version 32, address 0xfec00000, GSI 0-23
[    0.000000] ACPI: IOAPIC (id[0x02] address[0xfec3f000] gsi_base[24])
[    0.000000] IOAPIC[1]: apic_id 2, version 32, address 0xfec3f000, GSI 24-47
[    0.000000] ACPI: IOAPIC (id[0x03] address[0xfec7f000] gsi_base[48])
[    0.000000] IOAPIC[2]: apic_id 3, version 32, address 0xfec7f000, GSI 48-71
[    0.000000] ACPI: INT_SRC_OVR (bus 0 bus_irq 0 global_irq 2 dfl dfl)
[    0.000000] ACPI: INT_SRC_OVR (bus 0 bus_irq 9 global_irq 9 high level)
[    0.000000] ACPI: IRQ0 used by override.
[    0.000000] ACPI: IRQ2 used by override.
[    0.000000] ACPI: IRQ9 used by override.
[    0.000000] Using ACPI (MADT) for SMP configuration information
[    0.000000] ACPI: HPET id: 0x8086a701 base: 0xfed00000
[    0.000000] 32 Processors exceeds NR_CPUS limit of 8
[    0.000000] SMP: Allowing 8 CPUs, 0 hotplug CPUs
[    0.000000] nr_irqs_gsi: 88
[    0.000000] PM: Registered nosave memory: 0000000000099000 - 000000000009a000
[    0.000000] PM: Registered nosave memory: 000000000009a000 - 00000000000a0000
[    0.000000] PM: Registered nosave memory: 00000000000a0000 - 00000000000e0000
[    0.000000] PM: Registered nosave memory: 00000000000e0000 - 0000000000100000
[    0.000000] PM: Registered nosave memory: 00000000062bf000 - 0000000006400000
[    0.000000] PM: Registered nosave memory: 000000000dffc000 - 000000000e000000
[    0.000000] Allocating PCI resources starting at b4000000 (gap: b4000000:4ad20000)
[    0.000000] Booting paravirtualized kernel on bare hardware
[    0.000000] setup_percpu: NR_CPUS:8 nr_cpumask_bits:8 nr_cpu_ids:8 nr_node_ids:1
[    0.000000] PERCPU: Embedded 14 pages/cpu @f7b7a000 s34240 r0 d23104 u57344
[    0.000000] pcpu-alloc: s34240 r0 d23104 u57344 alloc=14*4096
[    0.000000] pcpu-alloc: [0] 0 [0] 1 [0] 2 [0] 3 [0] 4 [0] 5 [0] 6 [0] 7 
[    0.000000] Built 1 zonelists in Zone order, mobility grouping on.  Total pages: 2059182
[    0.000000] Kernel command line: BOOT_IMAGE=/boot/vmlinuz-3.2.0-67-generic-pae root=UUID=5be7a8b4-aa11-4cea-9f44-40e909a81e65 ro quiet splash vt.handoff=7
[    0.000000] PID hash table entries: 4096 (order: 2, 16384 bytes)
[    0.000000] Dentry cache hash table entries: 131072 (order: 7, 524288 bytes)
[    0.000000] Inode-cache hash table entries: 65536 (order: 6, 262144 bytes)
[    0.000000] Initializing CPU#0
[    0.000000] xsave/xrstor: enabled xstate_bv 0x7, cntxt size 0x340
[    0.000000] allocated 38797056 bytes of page_cgroup
[    0.000000] please try 'cgroup_disable=memory' option if you don't want memory cgroups
[    0.000000] Initializing HighMem for node 0 (00037bfe:00250000)
[    0.000000] Memory: 8173244k/9699328k available (5849k kernel code, 139264k reserved, 2859k data, 744k init, 7400884k highmem)
[    0.000000] virtual kernel memory layout:
[    0.000000]     fixmap  : 0xfff16000 - 0xfffff000   ( 932 kB)
[    0.000000]     pkmap   : 0xffc00000 - 0xffe00000   (2048 kB)
[    0.000000]     vmalloc : 0xf83fe000 - 0xffbfe000   ( 120 MB)
[    0.000000]     lowmem  : 0xc0000000 - 0xf7bfe000   ( 891 MB)
[    0.000000]       .init : 0xc1882000 - 0xc193c000   ( 744 kB)
[    0.000000]       .data : 0xc15b65fc - 0xc18813c0   (2859 kB)
[    0.000000]       .text : 0xc1000000 - 0xc15b65fc   (5849 kB)
[    0.000000] Checking if this processor honours the WP bit even in supervisor mode...Ok.
[    0.000000] SLUB: Genslabs=15, HWalign=64, Order=0-3, MinObjects=0, CPUs=8, Nodes=1
[    0.000000] Hierarchical RCU implementation.
[    0.000000] 	RCU dyntick-idle grace-period acceleration is enabled.
[    0.000000] NR_IRQS:2304 nr_irqs:1560 16
[    0.000000] CPU 0 irqstacks, hard=f740a000 soft=f740c000
[    0.000000] Extended CMOS year: 2000
[    0.000000] vt handoff: transparent VT on vt#7
[    0.000000] Console: colour dummy device 80x25
[    0.000000] console [tty0] enabled
[    0.000000] hpet clockevent registered
[    0.000000] Fast TSC calibration using PIT
[    0.004000] Detected 2394.373 MHz processor.
[    0.000002] Calibrating delay loop (skipped), value calculated using timer frequency.. 4788.74 BogoMIPS (lpj=9577492)
[    0.000006] pid_max: default: 32768 minimum: 301
[    0.000027] Security Framework initialized
[    0.000044] AppArmor: AppArmor initialized
[    0.000045] Yama: becoming mindful.
[    0.000093] Mount-cache hash table entries: 512
[    0.000218] Initializing cgroup subsys cpuacct
[    0.000223] Initializing cgroup subsys memory
[    0.000231] Initializing cgroup subsys devices
[    0.000233] Initializing cgroup subsys freezer
[    0.000235] Initializing cgroup subsys blkio
[    0.000241] Initializing cgroup subsys perf_event
[    0.000267] CPU: Physical Processor ID: 0
[    0.000269] CPU: Processor Core ID: 0
[    0.000274] mce: CPU supports 16 MCE banks
[    0.000299] CPU0: Thermal monitoring enabled (TM1)
[    0.000318] using mwait in idle threads.
[    0.002630] ACPI: Core revision 20110623
[    0.013509] ftrace: allocating 26157 entries in 52 pages
[    0.023187] Enabling APIC mode:  Flat.  Using 3 I/O APICs
[    0.023791] ..TIMER: vector=0x30 apic1=0 pin1=2 apic2=-1 pin2=-1
[    0.063413] CPU0: Intel(R) Xeon(R) CPU E5-2609 0 @ 2.40GHz stepping 07
[    0.168311] Performance Events: PEBS fmt1+, SandyBridge events, Intel PMU driver.
[    0.168318] ... version:                3
[    0.168319] ... bit width:              48
[    0.168320] ... generic registers:      8
[    0.168322] ... value mask:             0000ffffffffffff
[    0.168323] ... max period:             000000007fffffff
[    0.168325] ... fixed-purpose events:   3
[    0.168326] ... event mask:             00000007000000ff
[    0.168575] NMI watchdog enabled, takes one hw-pmu counter.
[    0.168652] CPU 1 irqstacks, hard=f7580000 soft=f7582000
[    0.168654] Booting Node   0, Processors  #1
[    0.168656] smpboot cpu 1: start_ip = 95000
[    0.179506] Initializing CPU#1
[    0.276316] NMI watchdog enabled, takes one hw-pmu counter.
[    0.276401] CPU 2 irqstacks, hard=f758e000 soft=f7590000
[    0.276403]  #2
[    0.276405] smpboot cpu 2: start_ip = 95000
[    0.286866] Initializing CPU#2
[    0.384080] NMI watchdog enabled, takes one hw-pmu counter.
[    0.384169] CPU 3 irqstacks, hard=f75a4000 soft=f75a6000
[    0.384171]  #3
[    0.384172] smpboot cpu 3: start_ip = 95000
[    0.394632] Initializing CPU#3
[    0.491928] NMI watchdog enabled, takes one hw-pmu counter.
[    0.492022] CPU 4 irqstacks, hard=f75dc000 soft=f75de000
[    0.492024]  #4
[    0.492025] smpboot cpu 4: start_ip = 95000
[    0.502924] Initializing CPU#4
[    0.599771] NMI watchdog enabled, takes one hw-pmu counter.
[    0.599848] CPU 5 irqstacks, hard=f75fa000 soft=f75fc000
[    0.599850]  #5
[    0.599851] smpboot cpu 5: start_ip = 95000
[    0.610749] Initializing CPU#5
[    0.707601] NMI watchdog enabled, takes one hw-pmu counter.
[    0.707673] CPU 6 irqstacks, hard=f7608000 soft=f760a000
[    0.707675]  #6
[    0.707676] smpboot cpu 6: start_ip = 95000
[    0.718575] Initializing CPU#6
[    0.815420] NMI watchdog enabled, takes one hw-pmu counter.
[    0.815500] CPU 7 irqstacks, hard=f7616000 soft=f7620000
[    0.815501]  #7 Ok.
[    0.815503] smpboot cpu 7: start_ip = 95000
[    0.826402] Initializing CPU#7
[    0.923251] NMI watchdog enabled, takes one hw-pmu counter.
[    0.923279] Brought up 8 CPUs
[    0.923281] Total of 8 processors activated (38320.29 BogoMIPS).
[    0.934463] devtmpfs: initialized
[    0.934609] EVM: security.selinux
[    0.934611] EVM: security.SMACK64
[    0.934612] EVM: security.capability
[    0.934661] PM: Registering ACPI NVS region at 62bf000 (1314816 bytes)
[    0.935603] print_constraints: dummy: 
[    0.935634] RTC time: 18:24:41, date: 09/30/14
[    0.935675] NET: Registered protocol family 16
[    0.935773] EISA bus registered
[    0.935795] ACPI FADT declares the system doesn't support PCIe ASPM, so disable it
[    0.935797] ACPI: bus type pci registered
[    0.935804] Trying to unpack rootfs image as initramfs...
[    0.935870] PCI: MMCONFIG for domain 0000 [bus 00-3f] at [mem 0xb0000000-0xb3ffffff] (base 0xb0000000)
[    0.935873] PCI: MMCONFIG at [mem 0xb0000000-0xb3ffffff] reserved in E820
[    0.935875] PCI: Using MMCONFIG for extended config space
[    0.935877] PCI: Using configuration type 1 for base access
[    0.935888] dmi type 0xB1 record - unknown flag
[    0.936865] bio: create slab <bio-0> at 0
[    0.936948] ACPI: Added _OSI(Module Device)
[    0.936950] ACPI: Added _OSI(Processor Device)
[    0.936952] ACPI: Added _OSI(3.0 _SCP Extensions)
[    0.936954] ACPI: Added _OSI(Processor Aggregator Device)
[    0.940220] ACPI: EC: Look up EC in DSDT
[    0.943490] ACPI: Executed 1 blocks of module-level executable AML code
[    0.989746] [Firmware Bug]: ACPI: BIOS _OSI(Linux) query ignored
[    0.991231] ACPI: Interpreter enabled
[    0.991238] ACPI: (supports S0 S1 S3 S4 S5)
[    0.991261] ACPI: Using IOAPIC for interrupt routing
[    0.997284] ACPI: No dock devices found.
[    0.997286] HEST: Table not found.
[    0.997290] PCI: Using host bridge windows from ACPI; if necessary, use "pci=nocrs" and report a bug
[    0.997503] ACPI: PCI Root Bridge [PCI0] (domain 0000 [bus 00-1f])
[    0.997718] pci_root PNP0A08:00: host bridge window [io  0x0000-0x03af]
[    0.997720] pci_root PNP0A08:00: host bridge window [io  0x03e0-0x0cf7]
[    0.997722] pci_root PNP0A08:00: host bridge window [io  0x03b0-0x03df]
[    0.997724] pci_root PNP0A08:00: host bridge window [io  0x0d00-0x9fff]
[    0.997726] pci_root PNP0A08:00: host bridge window [mem 0x000a0000-0x000bffff]
[    0.997728] pci_root PNP0A08:00: host bridge window [mem 0x000c0000-0x000dffff]
[    0.997731] pci_root PNP0A08:00: host bridge window [mem 0xb0000000-0xf7ffffff]
[    0.997748] pci 0000:00:00.0: [8086:3c00] type 0 class 0x000600
[    0.997808] pci 0000:00:00.0: PME# supported from D0 D3hot D3cold
[    0.997812] pci 0000:00:00.0: PME# disabled
[    0.997835] pci 0000:00:01.0: [8086:3c02] type 1 class 0x000604
[    0.997901] pci 0000:00:01.0: PME# supported from D0 D3hot D3cold
[    0.997905] pci 0000:00:01.0: PME# disabled
[    0.997933] pci 0000:00:01.1: [8086:3c03] type 1 class 0x000604
[    0.998000] pci 0000:00:01.1: PME# supported from D0 D3hot D3cold
[    0.998003] pci 0000:00:01.1: PME# disabled
[    0.998032] pci 0000:00:02.0: [8086:3c04] type 1 class 0x000604
[    0.998099] pci 0000:00:02.0: PME# supported from D0 D3hot D3cold
[    0.998102] pci 0000:00:02.0: PME# disabled
[    0.998131] pci 0000:00:03.0: [8086:3c08] type 1 class 0x000604
[    0.998198] pci 0000:00:03.0: PME# supported from D0 D3hot D3cold
[    0.998201] pci 0000:00:03.0: PME# disabled
[    0.998227] pci 0000:00:05.0: [8086:3c28] type 0 class 0x000880
[    0.998307] pci 0000:00:05.2: [8086:3c2a] type 0 class 0x000880
[    0.998384] pci 0000:00:05.4: [8086:3c2c] type 0 class 0x000800
[    0.998396] pci 0000:00:05.4: reg 10: [mem 0xeb42d000-0xeb42dfff]
[    0.998477] pci 0000:00:11.0: [8086:1d3e] type 1 class 0x000604
[    0.998573] pci 0000:00:11.0: PME# supported from D0 D3hot D3cold
[    0.998578] pci 0000:00:11.0: PME# disabled
[    0.998610] pci 0000:00:16.0: [8086:1d3a] type 0 class 0x000780
[    0.998634] pci 0000:00:16.0: reg 10: [mem 0xeb42c000-0xeb42c00f 64bit]
[    0.998712] pci 0000:00:16.0: PME# supported from D0 D3hot D3cold
[    0.998716] pci 0000:00:16.0: PME# disabled
[    0.998745] pci 0000:00:19.0: [8086:1502] type 0 class 0x000200
[    0.998764] pci 0000:00:19.0: reg 10: [mem 0xeb400000-0xeb41ffff]
[    0.998772] pci 0000:00:19.0: reg 14: [mem 0xeb429000-0xeb429fff]
[    0.998781] pci 0000:00:19.0: reg 18: [io  0x9040-0x905f]
[    0.998846] pci 0000:00:19.0: PME# supported from D0 D3hot D3cold
[    0.998850] pci 0000:00:19.0: PME# disabled
[    0.998873] pci 0000:00:1a.0: [8086:1d2d] type 0 class 0x000c03
[    0.998895] pci 0000:00:1a.0: reg 10: [mem 0xeb428000-0xeb4283ff]
[    0.998994] pci 0000:00:1a.0: PME# supported from D0 D3hot D3cold
[    0.998998] pci 0000:00:1a.0: PME# disabled
[    0.999021] pci 0000:00:1b.0: [8086:1d20] type 0 class 0x000403
[    0.999037] pci 0000:00:1b.0: reg 10: [mem 0xeb420000-0xeb423fff 64bit]
[    0.999107] pci 0000:00:1b.0: PME# supported from D0 D3hot D3cold
[    0.999111] pci 0000:00:1b.0: PME# disabled
[    0.999134] pci 0000:00:1c.0: [8086:1d16] type 1 class 0x000604
[    0.999216] pci 0000:00:1c.0: PME# supported from D0 D3hot D3cold
[    0.999220] pci 0000:00:1c.0: PME# disabled
[    0.999245] pci 0000:00:1c.2: [8086:1d14] type 1 class 0x000604
[    0.999327] pci 0000:00:1c.2: PME# supported from D0 D3hot D3cold
[    0.999330] pci 0000:00:1c.2: PME# disabled
[    0.999362] pci 0000:00:1d.0: [8086:1d26] type 0 class 0x000c03
[    0.999384] pci 0000:00:1d.0: reg 10: [mem 0xeb427000-0xeb4273ff]
[    0.999477] pci 0000:00:1d.0: PME# supported from D0 D3hot D3cold
[    0.999481] pci 0000:00:1d.0: PME# disabled
[    0.999500] pci 0000:00:1e.0: [8086:244e] type 1 class 0x000604
[    0.999564] pci 0000:00:1f.0: [8086:1d41] type 0 class 0x000601
[    0.999691] pci 0000:00:1f.2: [8086:1d02] type 0 class 0x000106
[    0.999710] pci 0000:00:1f.2: reg 10: [io  0x9090-0x9097]
[    0.999718] pci 0000:00:1f.2: reg 14: [io  0x9080-0x9083]
[    0.999726] pci 0000:00:1f.2: reg 18: [io  0x9070-0x9077]
[    0.999734] pci 0000:00:1f.2: reg 1c: [io  0x9060-0x9063]
[    0.999742] pci 0000:00:1f.2: reg 20: [io  0x9020-0x903f]
[    0.999751] pci 0000:00:1f.2: reg 24: [mem 0xeb426000-0xeb4267ff]
[    0.999797] pci 0000:00:1f.2: PME# supported from D3hot
[    0.999800] pci 0000:00:1f.2: PME# disabled
[    0.999816] pci 0000:00:1f.3: [8086:1d22] type 0 class 0x000c05
[    0.999832] pci 0000:00:1f.3: reg 10: [mem 0xeb425000-0xeb4250ff 64bit]
[    0.999853] pci 0000:00:1f.3: reg 20: [io  0x9000-0x901f]
[    0.999920] pci 0000:00:01.0: PCI bridge to [bus 01-01]
[    0.999970] pci 0000:00:01.1: PCI bridge to [bus 02-02]
[    1.000024] pci 0000:03:00.0: [10de:05be] type 1 class 0x000604
[    1.000068] pci 0000:03:00.0: PME# supported from D0 D3hot D3cold
[    1.000071] pci 0000:03:00.0: PME# disabled
[    1.006940] pci 0000:00:02.0: PCI bridge to [bus 03-06]
[    1.006947] pci 0000:00:02.0:   bridge window [io  0x5000-0x6fff]
[    1.006962] pci 0000:00:02.0:   bridge window [mem 0xe4000000-0xeb0fffff]
[    1.006968] pci 0000:00:02.0:   bridge window [mem 0xec000000-0xf3ffffff 64bit pref]
[    1.007000] pci 0000:04:00.0: [10de:05be] type 1 class 0x000604
[    1.007039] pci 0000:04:00.0: PME# supported from D0 D3hot D3cold
[    1.007042] pci 0000:04:00.0: PME# disabled
[    1.007058] pci 0000:04:02.0: [10de:05be] type 1 class 0x000604
[    1.007097] pci 0000:04:02.0: PME# supported from D0 D3hot D3cold
[    1.007099] pci 0000:04:02.0: PME# disabled
[    1.007123] pci 0000:03:00.0: PCI bridge to [bus 04-06]
[    1.007127] pci 0000:03:00.0:   bridge window [io  0x5000-0x6fff]
[    1.007130] pci 0000:03:00.0:   bridge window [mem 0xe4000000-0xeb0fffff]
[    1.007135] pci 0000:03:00.0:   bridge window [mem 0xec000000-0xf3ffffff 64bit pref]
[    1.007168] pci 0000:05:00.0: [10de:06f8] type 0 class 0x000300
[    1.007180] pci 0000:05:00.0: reg 10: [mem 0xea000000-0xeaffffff]
[    1.007192] pci 0000:05:00.0: reg 14: [mem 0xf0000000-0xf3ffffff 64bit pref]
[    1.007205] pci 0000:05:00.0: reg 1c: [mem 0xe8000000-0xe9ffffff 64bit]
[    1.007214] pci 0000:05:00.0: reg 24: [io  0x6000-0x607f]
[    1.007222] pci 0000:05:00.0: reg 30: [mem 0xeb000000-0xeb01ffff pref]
[    1.014921] pci 0000:04:00.0: PCI bridge to [bus 05-05]
[    1.014928] pci 0000:04:00.0:   bridge window [io  0x6000-0x6fff]
[    1.014945] pci 0000:04:00.0:   bridge window [mem 0xe8000000-0xeb0fffff]
[    1.014949] pci 0000:04:00.0:   bridge window [mem 0xf0000000-0xf3ffffff 64bit pref]
[    1.014988] pci 0000:06:00.0: [10de:06f8] type 0 class 0x000302
[    1.014999] pci 0000:06:00.0: reg 10: [mem 0xe6000000-0xe6ffffff]
[    1.015011] pci 0000:06:00.0: reg 14: [mem 0xec000000-0xefffffff 64bit pref]
[    1.015024] pci 0000:06:00.0: reg 1c: [mem 0xe4000000-0xe5ffffff 64bit]
[    1.015032] pci 0000:06:00.0: reg 24: [io  0x5000-0x507f]
[    1.015040] pci 0000:06:00.0: reg 30: [mem 0xe7000000-0xe701ffff pref]
[    1.022907] pci 0000:04:02.0: PCI bridge to [bus 06-06]
[    1.022915] pci 0000:04:02.0:   bridge window [io  0x5000-0x5fff]
[    1.022920] pci 0000:04:02.0:   bridge window [mem 0xe4000000-0xe70fffff]
[    1.022938] pci 0000:04:02.0:   bridge window [mem 0xec000000-0xefffffff 64bit pref]
[    1.022995] pci 0000:07:00.0: [1000:0073] type 0 class 0x000104
[    1.023004] pci 0000:07:00.0: reg 10: [io  0x8000-0x80ff]
[    1.023013] pci 0000:07:00.0: reg 14: [mem 0xeb360000-0xeb363fff 64bit]
[    1.023022] pci 0000:07:00.0: reg 1c: [mem 0xeb300000-0xeb33ffff 64bit]
[    1.023033] pci 0000:07:00.0: reg 30: [mem 0xeb340000-0xeb35ffff pref]
[    1.023066] pci 0000:07:00.0: supports D1 D2
[    1.030893] pci 0000:00:03.0: PCI bridge to [bus 07-07]
[    1.030899] pci 0000:00:03.0:   bridge window [io  0x8000-0x8fff]
[    1.030905] pci 0000:00:03.0:   bridge window [mem 0xeb300000-0xeb3fffff]
[    1.030975] pci 0000:00:11.0: PCI bridge to [bus 08-08]
[    1.030979] pci 0000:00:11.0:   bridge window [io  0x7000-0x7fff]
[    1.030984] pci 0000:00:11.0:   bridge window [mem 0xeb200000-0xeb2fffff]
[    1.030991] pci 0000:00:11.0:   bridge window [mem 0xf4000000-0xf44fffff 64bit pref]
[    1.031037] pci 0000:00:1c.0: PCI bridge to [bus 09-09]
[    1.031116] pci 0000:0a:00.0: [1033:0194] type 0 class 0x000c03
[    1.031143] pci 0000:0a:00.0: reg 10: [mem 0xeb100000-0xeb101fff 64bit]
[    1.031279] pci 0000:0a:00.0: PME# supported from D0 D3hot D3cold
[    1.031285] pci 0000:0a:00.0: PME# disabled
[    1.038886] pci 0000:00:1c.2: PCI bridge to [bus 0a-0a]
[    1.038896] pci 0000:00:1c.2:   bridge window [mem 0xeb100000-0xeb1fffff]
[    1.038973] pci 0000:00:1e.0: PCI bridge to [bus 0b-0b] (subtractive decode)
[    1.038983] pci 0000:00:1e.0:   bridge window [io  0x0000-0x03af] (subtractive decode)
[    1.038985] pci 0000:00:1e.0:   bridge window [io  0x03e0-0x0cf7] (subtractive decode)
[    1.038987] pci 0000:00:1e.0:   bridge window [io  0x03b0-0x03df] (subtractive decode)
[    1.038989] pci 0000:00:1e.0:   bridge window [io  0x0d00-0x9fff] (subtractive decode)
[    1.038992] pci 0000:00:1e.0:   bridge window [mem 0x000a0000-0x000bffff] (subtractive decode)
[    1.038994] pci 0000:00:1e.0:   bridge window [mem 0x000c0000-0x000dffff] (subtractive decode)
[    1.038996] pci 0000:00:1e.0:   bridge window [mem 0xb0000000-0xf7ffffff] (subtractive decode)
[    1.039031] pci_bus 0000:00: on NUMA node 0
[    1.039034] ACPI: PCI Interrupt Routing Table [\_SB_.PCI0._PRT]
[    1.039218] ACPI: PCI Interrupt Routing Table [\_SB_.PCI0.NPE1._PRT]
[    1.039249] ACPI: PCI Interrupt Routing Table [\_SB_.PCI0.NPE2._PRT]
[    1.039275] ACPI: PCI Interrupt Routing Table [\_SB_.PCI0.NPE3._PRT]
[    1.039306] ACPI: PCI Interrupt Routing Table [\_SB_.PCI0.NPE7._PRT]
[    1.039350] ACPI: PCI Interrupt Routing Table [\_SB_.PCI0.RP01._PRT]
[    1.039381] ACPI: PCI Interrupt Routing Table [\_SB_.PCI0.RP03._PRT]
[    1.039422] ACPI: PCI Interrupt Routing Table [\_SB_.PCI0.SBVP._PRT]
[    1.039442] ACPI: PCI Interrupt Routing Table [\_SB_.PCI0.P0P1._PRT]
[    1.039578]  pci0000:00: Requesting ACPI _OSC control (0x1d)
[    1.039761]  pci0000:00: ACPI _OSC control (0x15) granted
[    1.045235] ACPI: PCI Root Bridge [PCI1] (domain 0000 [bus 20-ff])
[    1.045477] pci_root PNP0A08:01: host bridge window [io  0x03b0-0x03df]
[    1.045479] pci_root PNP0A08:01: host bridge window [io  0xa000-0xffff]
[    1.045482] pci_root PNP0A08:01: host bridge window [mem 0x000a0000-0x000bffff]
[    1.045484] pci_root PNP0A08:01: host bridge window [mem 0xf8000000-0xfbffffff]
[    1.045502] pci 0000:20:00.0: [8086:3c01] type 1 class 0x000604
[    1.045576] pci 0000:20:00.0: PME# supported from D0 D3hot D3cold
[    1.045580] pci 0000:20:00.0: PME# disabled
[    1.045609] pci 0000:20:02.0: [8086:3c04] type 1 class 0x000604
[    1.045684] pci 0000:20:02.0: PME# supported from D0 D3hot D3cold
[    1.045687] pci 0000:20:02.0: PME# disabled
[    1.045722] pci 0000:20:03.0: [8086:3c08] type 1 class 0x000604
[    1.045796] pci 0000:20:03.0: PME# supported from D0 D3hot D3cold
[    1.045800] pci 0000:20:03.0: PME# disabled
[    1.045829] pci 0000:20:05.0: [8086:3c28] type 0 class 0x000880
[    1.045917] pci 0000:20:05.2: [8086:3c2a] type 0 class 0x000880
[    1.046001] pci 0000:20:05.4: [8086:3c2c] type 0 class 0x000800
[    1.046015] pci 0000:20:05.4: reg 10: [mem 0xfbf00000-0xfbf00fff]
[    1.046143] pci 0000:20:00.0: PCI bridge to [bus 21-21]
[    1.046195] pci 0000:20:02.0: PCI bridge to [bus 22-22]
[    1.046247] pci 0000:20:03.0: PCI bridge to [bus 23-23]
[    1.046269] pci_bus 0000:20: on NUMA node 0
[    1.046271] ACPI: PCI Interrupt Routing Table [\_SB_.PCI1._PRT]
[    1.046425]  pci0000:20: Requesting ACPI _OSC control (0x1d)
[    1.046605]  pci0000:20: ACPI _OSC control (0x15) granted
[    1.047320] ACPI: PCI Interrupt Link [LNKA] (IRQs 3 4 5 6 7 10 *11 12 14 15)
[    1.047365] ACPI: PCI Interrupt Link [LNKB] (IRQs 3 4 *5 6 7 10 11 12 14 15)
[    1.047408] ACPI: PCI Interrupt Link [LNKC] (IRQs 3 4 5 6 7 *10 11 12 14 15)
[    1.047450] ACPI: PCI Interrupt Link [LNKD] (IRQs 3 4 5 6 7 *10 11 12 14 15)
[    1.047493] ACPI: PCI Interrupt Link [LNKE] (IRQs *3 4 5 6 7 10 11 12 14 15)
[    1.047535] ACPI: PCI Interrupt Link [LNKF] (IRQs 3 4 5 6 7 10 11 12 14 15) *0, disabled.
[    1.047578] ACPI: PCI Interrupt Link [LNKG] (IRQs 3 4 5 6 7 10 *11 12 14 15)
[    1.047621] ACPI: PCI Interrupt Link [LNKH] (IRQs 3 4 5 6 7 10 11 12 14 15) *0, disabled.
[    1.047792] vgaarb: device added: PCI:0000:05:00.0,decodes=io+mem,owns=io+mem,locks=none
[    1.047797] vgaarb: loaded
[    1.047798] vgaarb: bridge control possible 0000:05:00.0
[    1.047895] i2c-core: driver [aat2870] using legacy suspend method
[    1.047897] i2c-core: driver [aat2870] using legacy resume method
[    1.047963] SCSI subsystem initialized
[    1.048044] libata version 3.00 loaded.
[    1.048101] usbcore: registered new interface driver usbfs
[    1.048112] usbcore: registered new interface driver hub
[    1.048141] usbcore: registered new device driver usb
[    1.048222] PCI: Using ACPI for IRQ routing
[    1.048722] PCI: Discovered peer bus 1f
[    1.048763] pci 0000:1f:08.0: [8086:3c80] type 0 class 0x000880
[    1.048805] pci 0000:1f:08.3: [8086:3c83] type 0 class 0x000880
[    1.048855] pci 0000:1f:08.4: [8086:3c84] type 0 class 0x000880
[    1.048911] pci 0000:1f:09.0: [8086:3c90] type 0 class 0x000880
[    1.048951] pci 0000:1f:09.3: [8086:3c93] type 0 class 0x000880
[    1.049000] pci 0000:1f:09.4: [8086:3c94] type 0 class 0x000880
[    1.049055] pci 0000:1f:0a.0: [8086:3cc0] type 0 class 0x000880
[    1.049086] pci 0000:1f:0a.1: [8086:3cc1] type 0 class 0x000880
[    1.049117] pci 0000:1f:0a.2: [8086:3cc2] type 0 class 0x000880
[    1.049147] pci 0000:1f:0a.3: [8086:3cd0] type 0 class 0x000880
[    1.049180] pci 0000:1f:0b.0: [8086:3ce0] type 0 class 0x000880
[    1.049209] pci 0000:1f:0b.3: [8086:3ce3] type 0 class 0x000880
[    1.049240] pci 0000:1f:0c.0: [8086:3ce8] type 0 class 0x000880
[    1.049269] pci 0000:1f:0c.1: [8086:3ce8] type 0 class 0x000880
[    1.049300] pci 0000:1f:0c.6: [8086:3cf4] type 0 class 0x000880
[    1.049329] pci 0000:1f:0c.7: [8086:3cf6] type 0 class 0x000880
[    1.049357] pci 0000:1f:0d.0: [8086:3ce8] type 0 class 0x000880
[    1.049386] pci 0000:1f:0d.1: [8086:3ce8] type 0 class 0x000880
[    1.049417] pci 0000:1f:0d.6: [8086:3cf5] type 0 class 0x000880
[    1.049447] pci 0000:1f:0e.0: [8086:3ca0] type 0 class 0x000880
[    1.049480] pci 0000:1f:0e.1: [8086:3c46] type 0 class 0x001101
[    1.049518] pci 0000:1f:0f.0: [8086:3ca8] type 0 class 0x000880
[    1.049565] pci 0000:1f:0f.1: [8086:3c71] type 0 class 0x000880
[    1.049611] pci 0000:1f:0f.2: [8086:3caa] type 0 class 0x000880
[    1.049657] pci 0000:1f:0f.3: [8086:3cab] type 0 class 0x000880
[    1.049703] pci 0000:1f:0f.4: [8086:3cac] type 0 class 0x000880
[    1.049749] pci 0000:1f:0f.5: [8086:3cad] type 0 class 0x000880
[    1.049793] pci 0000:1f:0f.6: [8086:3cae] type 0 class 0x000880
[    1.049833] pci 0000:1f:10.0: [8086:3cb0] type 0 class 0x000880
[    1.049880] pci 0000:1f:10.1: [8086:3cb1] type 0 class 0x000880
[    1.049927] pci 0000:1f:10.2: [8086:3cb2] type 0 class 0x000880
[    1.049973] pci 0000:1f:10.3: [8086:3cb3] type 0 class 0x000880
[    1.050019] pci 0000:1f:10.4: [8086:3cb4] type 0 class 0x000880
[    1.050067] pci 0000:1f:10.5: [8086:3cb5] type 0 class 0x000880
[    1.050115] pci 0000:1f:10.6: [8086:3cb6] type 0 class 0x000880
[    1.050161] pci 0000:1f:10.7: [8086:3cb7] type 0 class 0x000880
[    1.050206] pci 0000:1f:11.0: [8086:3cb8] type 0 class 0x000880
[    1.050246] pci 0000:1f:13.0: [8086:3ce4] type 0 class 0x000880
[    1.050275] pci 0000:1f:13.1: [8086:3c43] type 0 class 0x001101
[    1.050305] pci 0000:1f:13.4: [8086:3ce6] type 0 class 0x001101
[    1.050335] pci 0000:1f:13.5: [8086:3c44] type 0 class 0x001101
[    1.050364] pci 0000:1f:13.6: [8086:3c45] type 0 class 0x000880
[    1.051608] PCI: Discovered peer bus 3f
[    1.051643] pci 0000:3f:08.0: [8086:3c80] type 0 class 0x000880
[    1.051690] pci 0000:3f:08.3: [8086:3c83] type 0 class 0x000880
[    1.051751] pci 0000:3f:08.4: [8086:3c84] type 0 class 0x000880
[    1.051816] pci 0000:3f:09.0: [8086:3c90] type 0 class 0x000880
[    1.051863] pci 0000:3f:09.3: [8086:3c93] type 0 class 0x000880
[    1.051921] pci 0000:3f:09.4: [8086:3c94] type 0 class 0x000880
[    1.051985] pci 0000:3f:0a.0: [8086:3cc0] type 0 class 0x000880
[    1.052023] pci 0000:3f:0a.1: [8086:3cc1] type 0 class 0x000880
[    1.052060] pci 0000:3f:0a.2: [8086:3cc2] type 0 class 0x000880
[    1.052097] pci 0000:3f:0a.3: [8086:3cd0] type 0 class 0x000880
[    1.052137] pci 0000:3f:0b.0: [8086:3ce0] type 0 class 0x000880
[    1.052173] pci 0000:3f:0b.3: [8086:3ce3] type 0 class 0x000880
[    1.052209] pci 0000:3f:0c.0: [8086:3ce8] type 0 class 0x000880
[    1.052245] pci 0000:3f:0c.1: [8086:3ce8] type 0 class 0x000880
[    1.052284] pci 0000:3f:0c.6: [8086:3cf4] type 0 class 0x000880
[    1.052321] pci 0000:3f:0c.7: [8086:3cf6] type 0 class 0x000880
[    1.052357] pci 0000:3f:0d.0: [8086:3ce8] type 0 class 0x000880
[    1.052393] pci 0000:3f:0d.1: [8086:3ce8] type 0 class 0x000880
[    1.052434] pci 0000:3f:0d.6: [8086:3cf5] type 0 class 0x000880
[    1.052472] pci 0000:3f:0e.0: [8086:3ca0] type 0 class 0x000880
[    1.052516] pci 0000:3f:0e.1: [8086:3c46] type 0 class 0x001101
[    1.052567] pci 0000:3f:0f.0: [8086:3ca8] type 0 class 0x000880
[    1.052623] pci 0000:3f:0f.1: [8086:3c71] type 0 class 0x000880
[    1.052679] pci 0000:3f:0f.2: [8086:3caa] type 0 class 0x000880
[    1.052735] pci 0000:3f:0f.3: [8086:3cab] type 0 class 0x000880
[    1.052791] pci 0000:3f:0f.4: [8086:3cac] type 0 class 0x000880
[    1.052848] pci 0000:3f:0f.5: [8086:3cad] type 0 class 0x000880
[    1.052901] pci 0000:3f:0f.6: [8086:3cae] type 0 class 0x000880
[    1.052947] pci 0000:3f:10.0: [8086:3cb0] type 0 class 0x000880
[    1.053004] pci 0000:3f:10.1: [8086:3cb1] type 0 class 0x000880
[    1.053061] pci 0000:3f:10.2: [8086:3cb2] type 0 class 0x000880
[    1.053117] pci 0000:3f:10.3: [8086:3cb3] type 0 class 0x000880
[    1.053175] pci 0000:3f:10.4: [8086:3cb4] type 0 class 0x000880
[    1.053232] pci 0000:3f:10.5: [8086:3cb5] type 0 class 0x000880
[    1.053291] pci 0000:3f:10.6: [8086:3cb6] type 0 class 0x000880
[    1.053348] pci 0000:3f:10.7: [8086:3cb7] type 0 class 0x000880
[    1.053402] pci 0000:3f:11.0: [8086:3cb8] type 0 class 0x000880
[    1.053450] pci 0000:3f:13.0: [8086:3ce4] type 0 class 0x000880
[    1.053486] pci 0000:3f:13.1: [8086:3c43] type 0 class 0x001101
[    1.053525] pci 0000:3f:13.4: [8086:3ce6] type 0 class 0x001101
[    1.053562] pci 0000:3f:13.5: [8086:3c44] type 0 class 0x001101
[    1.053599] pci 0000:3f:13.6: [8086:3c45] type 0 class 0x000880
[    1.054463] PCI: pci_cache_line_size set to 64 bytes
[    1.054718] reserve RAM buffer: 0000000000099c00 - 000000000009ffff 
[    1.054721] reserve RAM buffer: 00000000062bf000 - 0000000007ffffff 
[    1.054723] reserve RAM buffer: 000000000dffc000 - 000000000fffffff 
[    1.054725] reserve RAM buffer: 00000000aa77f000 - 00000000abffffff 
[    1.054727] reserve RAM buffer: 00000000ad800000 - 00000000afffffff 
[    1.054822] NetLabel: Initializing
[    1.054824] NetLabel:  domain hash size = 128
[    1.054825] NetLabel:  protocols = UNLABELED CIPSOv4
[    1.054834] NetLabel:  unlabeled traffic allowed by default
[    1.054934] hpet0: at MMIO 0xfed00000, IRQs 2, 8, 0, 0, 0, 0, 0, 0
[    1.054941] hpet0: 8 comparators, 64-bit 14.318180 MHz counter
[    1.056989] Switching to clocksource hpet
[    1.071136] AppArmor: AppArmor Filesystem Enabled
[    1.071195] pnp: PnP ACPI init
[    1.071230] ACPI: bus type pnp registered
[    1.071595] pnp 00:00: [bus 00-1f]
[    1.071601] pnp 00:00: [io  0x0cf8-0x0cff]
[    1.071606] pnp 00:00: [io  0x0000-0x03af window]
[    1.071609] pnp 00:00: [io  0x03e0-0x0cf7 window]
[    1.071613] pnp 00:00: [io  0x03b0-0x03df window]
[    1.071617] pnp 00:00: [io  0x0d00-0x9fff window]
[    1.071621] pnp 00:00: [mem 0x000a0000-0x000bffff window]
[    1.071625] pnp 00:00: [mem 0x000c0000-0x000dffff window]
[    1.071629] pnp 00:00: [mem 0xb0000000-0xf7ffffff window]
[    1.071633] pnp 00:00: [mem 0x00000000 window]
[    1.071777] pnp 00:00: Plug and Play ACPI device, IDs PNP0a08 PNP0a03 (active)
[    1.071796] pnp 00:01: [mem 0xfc000000-0xfcffffff]
[    1.071800] pnp 00:01: [mem 0xfd000000-0xfdffffff]
[    1.071804] pnp 00:01: [mem 0xfe000000-0xfeafffff]
[    1.071807] pnp 00:01: [mem 0xfeb00000-0xfebfffff]
[    1.071811] pnp 00:01: [mem 0xfed00400-0xfed3ffff]
[    1.071814] pnp 00:01: [mem 0xfed45000-0xfedfffff]
[    1.072058] system 00:01: [mem 0xfc000000-0xfcffffff] has been reserved
[    1.072063] system 00:01: [mem 0xfd000000-0xfdffffff] has been reserved
[    1.072068] system 00:01: [mem 0xfe000000-0xfeafffff] has been reserved
[    1.072072] system 00:01: [mem 0xfeb00000-0xfebfffff] has been reserved
[    1.072077] system 00:01: [mem 0xfed00400-0xfed3ffff] could not be reserved
[    1.072082] system 00:01: [mem 0xfed45000-0xfedfffff] could not be reserved
[    1.072088] system 00:01: Plug and Play ACPI device, IDs PNP0c01 (active)
[    1.072139] pnp 00:02: [io  0x0000-0x001f]
[    1.072143] pnp 00:02: [io  0x0081-0x0091]
[    1.072146] pnp 00:02: [io  0x0093-0x009f]
[    1.072149] pnp 00:02: [io  0x00c0-0x00df]
[    1.072154] pnp 00:02: [dma 4]
[    1.072212] pnp 00:02: Plug and Play ACPI device, IDs PNP0200 (active)
[    1.072226] pnp 00:03: [mem 0xff000000-0xffffffff]
[    1.072282] pnp 00:03: Plug and Play ACPI device, IDs INT0800 (active)
[    1.072403] pnp 00:04: [mem 0xfed00000-0xfed003ff]
[    1.072466] pnp 00:04: Plug and Play ACPI device, IDs PNP0103 (active)
[    1.072484] pnp 00:05: [io  0x00f0]
[    1.072506] pnp 00:05: [irq 13]
[    1.072564] pnp 00:05: Plug and Play ACPI device, IDs PNP0c04 (active)
[    1.072584] pnp 00:06: [io  0x002e-0x002f]
[    1.072587] pnp 00:06: [io  0x004e-0x004f]
[    1.072590] pnp 00:06: [io  0x0061]
[    1.072593] pnp 00:06: [io  0x0063]
[    1.072596] pnp 00:06: [io  0x0065]
[    1.072599] pnp 00:06: [io  0x0067]
[    1.072602] pnp 00:06: [io  0x0070]
[    1.072605] pnp 00:06: [io  0x0080]
[    1.072608] pnp 00:06: [io  0x0092]
[    1.072611] pnp 00:06: [io  0x00b2-0x00b3]
[    1.072615] pnp 00:06: [io  0x0680-0x069f]
[    1.072618] pnp 00:06: [io  0x0800-0x080f]
[    1.072621] pnp 00:06: [io  0xffff]
[    1.072624] pnp 00:06: [io  0xffff]
[    1.072628] pnp 00:06: [io  0x0400-0x0453]
[    1.072631] pnp 00:06: [io  0x0458-0x047f]
[    1.072634] pnp 00:06: [io  0x0500-0x057f]
[    1.072638] pnp 00:06: [io  0x164e-0x164f]
[    1.072820] system 00:06: [io  0x0680-0x069f] has been reserved
[    1.072825] system 00:06: [io  0x0800-0x080f] has been reserved
[    1.072830] system 00:06: [io  0xffff] has been reserved
[    1.072834] system 00:06: [io  0xffff] has been reserved
[    1.072838] system 00:06: [io  0x0400-0x0453] has been reserved
[    1.072842] system 00:06: [io  0x0458-0x047f] has been reserved
[    1.072846] system 00:06: [io  0x0500-0x057f] has been reserved
[    1.072856] system 00:06: [io  0x164e-0x164f] has been reserved
[    1.072862] system 00:06: Plug and Play ACPI device, IDs PNP0c02 (active)
[    1.072878] pnp 00:07: [io  0x0070-0x0077]
[    1.072887] pnp 00:07: [irq 8]
[    1.072950] pnp 00:07: Plug and Play ACPI device, IDs PNP0b00 (active)
[    1.072986] pnp 00:08: [io  0x0454-0x0457]
[    1.073173] system 00:08: [io  0x0454-0x0457] has been reserved
[    1.073180] system 00:08: Plug and Play ACPI device, IDs INT3f0d PNP0c02 (active)
[    1.073440] pnp 00:09: [io  0x03f8-0x03ff]
[    1.073450] pnp 00:09: [irq 4]
[    1.073556] pnp 00:09: Plug and Play ACPI device, IDs PNP0501 (active)
[    1.073906] system 00:0a: Plug and Play ACPI device, IDs PNP0c02 (active)
[    1.074313] pnp 00:0b: [bus 20-ff]
[    1.074317] pnp 00:0b: [io  0x03b0-0x03df window]
[    1.074321] pnp 00:0b: [io  0xa000-0xffff window]
[    1.074325] pnp 00:0b: [mem 0x000a0000-0x000bffff window]
[    1.074329] pnp 00:0b: [mem 0xf8000000-0xfbffffff window]
[    1.074333] pnp 00:0b: [mem 0x00000000 window]
[    1.074428] pnp 00:0b: Plug and Play ACPI device, IDs PNP0a08 PNP0a03 (active)
[    1.074639] system 00:0c: Plug and Play ACPI device, IDs PNP0c01 (active)
[    1.074687] pnp: PnP ACPI: found 13 devices
[    1.074690] ACPI: ACPI bus type pnp unregistered
[    1.074696] PnPBIOS: Disabled by ACPI PNP
[    1.112816] PCI: max bus depth: 3 pci_try_num: 4
[    1.112953] pci 0000:00:01.0: PCI bridge to [bus 01-01]
[    1.112969] pci 0000:00:01.1: PCI bridge to [bus 02-02]
[    1.112985] pci 0000:04:00.0: PCI bridge to [bus 05-05]
[    1.112990] pci 0000:04:00.0:   bridge window [io  0x6000-0x6fff]
[    1.112998] pci 0000:04:00.0:   bridge window [mem 0xe8000000-0xeb0fffff]
[    1.113004] pci 0000:04:00.0:   bridge window [mem 0xf0000000-0xf3ffffff 64bit pref]
[    1.113013] pci 0000:04:02.0: PCI bridge to [bus 06-06]
[    1.113018] pci 0000:04:02.0:   bridge window [io  0x5000-0x5fff]
[    1.113034] pci 0000:04:02.0:   bridge window [mem 0xe4000000-0xe70fffff]
[    1.113041] pci 0000:04:02.0:   bridge window [mem 0xec000000-0xefffffff 64bit pref]
[    1.113050] pci 0000:03:00.0: PCI bridge to [bus 04-06]
[    1.113054] pci 0000:03:00.0:   bridge window [io  0x5000-0x6fff]
[    1.113061] pci 0000:03:00.0:   bridge window [mem 0xe4000000-0xeb0fffff]
[    1.113067] pci 0000:03:00.0:   bridge window [mem 0xec000000-0xf3ffffff 64bit pref]
[    1.113076] pci 0000:00:02.0: PCI bridge to [bus 03-06]
[    1.113081] pci 0000:00:02.0:   bridge window [io  0x5000-0x6fff]
[    1.113088] pci 0000:00:02.0:   bridge window [mem 0xe4000000-0xeb0fffff]
[    1.113095] pci 0000:00:02.0:   bridge window [mem 0xec000000-0xf3ffffff 64bit pref]
[    1.113104] pci 0000:00:03.0: PCI bridge to [bus 07-07]
[    1.113109] pci 0000:00:03.0:   bridge window [io  0x8000-0x8fff]
[    1.113117] pci 0000:00:03.0:   bridge window [mem 0xeb300000-0xeb3fffff]
[    1.113129] pci 0000:00:11.0: PCI bridge to [bus 08-08]
[    1.113134] pci 0000:00:11.0:   bridge window [io  0x7000-0x7fff]
[    1.113143] pci 0000:00:11.0:   bridge window [mem 0xeb200000-0xeb2fffff]
[    1.113150] pci 0000:00:11.0:   bridge window [mem 0xf4000000-0xf44fffff 64bit pref]
[    1.113161] pci 0000:00:1c.0: PCI bridge to [bus 09-09]
[    1.113178] pci 0000:00:1c.2: PCI bridge to [bus 0a-0a]
[    1.113186] pci 0000:00:1c.2:   bridge window [mem 0xeb100000-0xeb1fffff]
[    1.113199] pci 0000:00:1e.0: PCI bridge to [bus 0b-0b]
[    1.113217] pci 0000:20:00.0: PCI bridge to [bus 21-21]
[    1.113232] pci 0000:20:02.0: PCI bridge to [bus 22-22]
[    1.113246] pci 0000:20:03.0: PCI bridge to [bus 23-23]
[    1.113294] pci 0000:00:01.0: PCI INT A -> GSI 26 (level, low) -> IRQ 26
[    1.113305] pci 0000:00:01.0: setting latency timer to 64
[    1.113315] pci 0000:00:01.1: PCI INT A -> GSI 26 (level, low) -> IRQ 26
[    1.113324] pci 0000:00:01.1: setting latency timer to 64
[    1.113341] pci 0000:00:02.0: PCI INT A -> GSI 32 (level, low) -> IRQ 32
[    1.113350] pci 0000:00:02.0: setting latency timer to 64
[    1.113361] pci 0000:03:00.0: setting latency timer to 64
[    1.113371] pci 0000:04:00.0: setting latency timer to 64
[    1.113381] pci 0000:04:02.0: setting latency timer to 64
[    1.113396] pci 0000:00:03.0: PCI INT A -> GSI 40 (level, low) -> IRQ 40
[    1.113405] pci 0000:00:03.0: setting latency timer to 64
[    1.113422] pci 0000:00:11.0: PCI INT A -> GSI 16 (level, low) -> IRQ 16
[    1.113432] pci 0000:00:11.0: setting latency timer to 64
[    1.113449] pci 0000:00:1c.0: PCI INT D -> GSI 19 (level, low) -> IRQ 19
[    1.113458] pci 0000:00:1c.0: setting latency timer to 64
[    1.113475] pci 0000:00:1c.2: PCI INT C -> GSI 18 (level, low) -> IRQ 18
[    1.113484] pci 0000:00:1c.2: setting latency timer to 64
[    1.113496] pci 0000:00:1e.0: setting latency timer to 64
[    1.113513] pci 0000:20:00.0: PCI INT A -> GSI 48 (level, low) -> IRQ 48
[    1.113521] pci 0000:20:00.0: setting latency timer to 64
[    1.113539] pci 0000:20:02.0: PCI INT A -> GSI 56 (level, low) -> IRQ 56
[    1.113548] pci 0000:20:02.0: setting latency timer to 64
[    1.113571] pci 0000:20:03.0: PCI INT A -> GSI 64 (level, low) -> IRQ 64
[    1.113579] pci 0000:20:03.0: setting latency timer to 64
[    1.113589] pci_bus 0000:00: resource 4 [io  0x0000-0x03af]
[    1.113593] pci_bus 0000:00: resource 5 [io  0x03e0-0x0cf7]
[    1.113597] pci_bus 0000:00: resource 6 [io  0x03b0-0x03df]
[    1.113600] pci_bus 0000:00: resource 7 [io  0x0d00-0x9fff]
[    1.113605] pci_bus 0000:00: resource 8 [mem 0x000a0000-0x000bffff]
[    1.113609] pci_bus 0000:00: resource 9 [mem 0x000c0000-0x000dffff]
[    1.113613] pci_bus 0000:00: resource 10 [mem 0xb0000000-0xf7ffffff]
[    1.113617] pci_bus 0000:03: resource 0 [io  0x5000-0x6fff]
[    1.113621] pci_bus 0000:03: resource 1 [mem 0xe4000000-0xeb0fffff]
[    1.113625] pci_bus 0000:03: resource 2 [mem 0xec000000-0xf3ffffff 64bit pref]
[    1.113630] pci_bus 0000:04: resource 0 [io  0x5000-0x6fff]
[    1.113634] pci_bus 0000:04: resource 1 [mem 0xe4000000-0xeb0fffff]
[    1.113638] pci_bus 0000:04: resource 2 [mem 0xec000000-0xf3ffffff 64bit pref]
[    1.113642] pci_bus 0000:05: resource 0 [io  0x6000-0x6fff]
[    1.113646] pci_bus 0000:05: resource 1 [mem 0xe8000000-0xeb0fffff]
[    1.113650] pci_bus 0000:05: resource 2 [mem 0xf0000000-0xf3ffffff 64bit pref]
[    1.113654] pci_bus 0000:06: resource 0 [io  0x5000-0x5fff]
[    1.113658] pci_bus 0000:06: resource 1 [mem 0xe4000000-0xe70fffff]
[    1.113662] pci_bus 0000:06: resource 2 [mem 0xec000000-0xefffffff 64bit pref]
[    1.113667] pci_bus 0000:07: resource 0 [io  0x8000-0x8fff]
[    1.113671] pci_bus 0000:07: resource 1 [mem 0xeb300000-0xeb3fffff]
[    1.113675] pci_bus 0000:08: resource 0 [io  0x7000-0x7fff]
[    1.113679] pci_bus 0000:08: resource 1 [mem 0xeb200000-0xeb2fffff]
[    1.113683] pci_bus 0000:08: resource 2 [mem 0xf4000000-0xf44fffff 64bit pref]
[    1.113687] pci_bus 0000:0a: resource 1 [mem 0xeb100000-0xeb1fffff]
[    1.113692] pci_bus 0000:0b: resource 4 [io  0x0000-0x03af]
[    1.113695] pci_bus 0000:0b: resource 5 [io  0x03e0-0x0cf7]
[    1.113699] pci_bus 0000:0b: resource 6 [io  0x03b0-0x03df]
[    1.113703] pci_bus 0000:0b: resource 7 [io  0x0d00-0x9fff]
[    1.113707] pci_bus 0000:0b: resource 8 [mem 0x000a0000-0x000bffff]
[    1.113711] pci_bus 0000:0b: resource 9 [mem 0x000c0000-0x000dffff]
[    1.113714] pci_bus 0000:0b: resource 10 [mem 0xb0000000-0xf7ffffff]
[    1.113719] pci_bus 0000:20: resource 4 [io  0x03b0-0x03df]
[    1.113723] pci_bus 0000:20: resource 5 [io  0xa000-0xffff]
[    1.113726] pci_bus 0000:20: resource 6 [mem 0x000a0000-0x000bffff]
[    1.113730] pci_bus 0000:20: resource 7 [mem 0xf8000000-0xfbffffff]
[    1.113735] pci_bus 0000:1f: resource 0 [io  0x0000-0xffff]
[    1.113739] pci_bus 0000:1f: resource 1 [mem 0x00000000-0x3fffffffffff]
[    1.113744] pci_bus 0000:3f: resource 0 [io  0x0000-0xffff]
[    1.113748] pci_bus 0000:3f: resource 1 [mem 0x00000000-0x3fffffffffff]
[    1.113811] NET: Registered protocol family 2
[    1.113919] IP route cache hash table entries: 32768 (order: 5, 131072 bytes)
[    1.114212] TCP established hash table entries: 131072 (order: 8, 1048576 bytes)
[    1.114624] TCP bind hash table entries: 65536 (order: 7, 524288 bytes)
[    1.114800] TCP: Hash tables configured (established 131072 bind 65536)
[    1.114804] TCP reno registered
[    1.114809] UDP hash table entries: 512 (order: 2, 16384 bytes)
[    1.114817] UDP-Lite hash table entries: 512 (order: 2, 16384 bytes)
[    1.114928] NET: Registered protocol family 1
[    1.114982] pci 0000:00:1a.0: PCI INT A -> GSI 16 (level, low) -> IRQ 16
[    1.115030] pci 0000:00:1a.0: PCI INT A disabled
[    1.115065] pci 0000:00:1d.0: PCI INT A -> GSI 17 (level, low) -> IRQ 17
[    1.115091] pci 0000:00:1d.0: PCI INT A disabled
[    1.115156] pci 0000:05:00.0: Boot video device
[    1.115184] pci 0000:0a:00.0: PCI INT A -> GSI 18 (level, low) -> IRQ 18
[    1.115220] pci 0000:0a:00.0: PCI INT A disabled
[    1.115418] PCI: CLS 64 bytes, default 64
[    1.115427] Simple Boot Flag at 0xf3 set to 0x1
[    1.116819] audit: initializing netlink socket (disabled)
[    1.116848] type=2000 audit(1412101480.888:1): initialized
[    1.159366] highmem bounce pool size: 64 pages
[    1.159375] HugeTLB registered 2 MB page size, pre-allocated 0 pages
[    1.164536] VFS: Disk quotas dquot_6.5.2
[    1.164639] Dquot-cache hash table entries: 1024 (order 0, 4096 bytes)
[    1.165554] fuse init (API version 7.17)
[    1.165709] msgmni has been set to 1508
[    1.166296] Block layer SCSI generic (bsg) driver version 0.4 loaded (major 253)
[    1.166346] io scheduler noop registered
[    1.166350] io scheduler deadline registered
[    1.166360] io scheduler cfq registered (default)
[    1.166797] pcieport 0000:00:01.0: setting latency timer to 64
[    1.166864] pcieport 0000:00:01.0: irq 88 for MSI/MSI-X
[    1.166967] pcieport 0000:00:01.1: setting latency timer to 64
[    1.167025] pcieport 0000:00:01.1: irq 89 for MSI/MSI-X
[    1.167129] pcieport 0000:00:02.0: setting latency timer to 64
[    1.167186] pcieport 0000:00:02.0: irq 90 for MSI/MSI-X
[    1.167284] pcieport 0000:00:03.0: setting latency timer to 64
[    1.167342] pcieport 0000:00:03.0: irq 91 for MSI/MSI-X
[    1.167437] pcieport 0000:00:11.0: setting latency timer to 64
[    1.167525] pcieport 0000:00:11.0: irq 92 for MSI/MSI-X
[    1.167638] pcieport 0000:00:1c.0: setting latency timer to 64
[    1.167699] pcieport 0000:00:1c.0: irq 93 for MSI/MSI-X
[    1.167800] pcieport 0000:00:1c.2: setting latency timer to 64
[    1.167861] pcieport 0000:00:1c.2: irq 94 for MSI/MSI-X
[    1.168091] pcieport 0000:20:00.0: setting latency timer to 64
[    1.168146] pcieport 0000:20:00.0: irq 95 for MSI/MSI-X
[    1.168243] pcieport 0000:20:02.0: setting latency timer to 64
[    1.168297] pcieport 0000:20:02.0: irq 96 for MSI/MSI-X
[    1.168390] pcieport 0000:20:03.0: setting latency timer to 64
[    1.168444] pcieport 0000:20:03.0: irq 97 for MSI/MSI-X
[    1.168592] pcieport 0000:00:01.0: Signaling PME through PCIe PME interrupt
[    1.168600] pcie_pme 0000:00:01.0:pcie01: service driver pcie_pme loaded
[    1.168633] pcieport 0000:00:01.1: Signaling PME through PCIe PME interrupt
[    1.168639] pcie_pme 0000:00:01.1:pcie01: service driver pcie_pme loaded
[    1.168668] pcieport 0000:00:02.0: Signaling PME through PCIe PME interrupt
[    1.168671] pcieport 0000:03:00.0: Signaling PME through PCIe PME interrupt
[    1.168675] pcieport 0000:04:00.0: Signaling PME through PCIe PME interrupt
[    1.168679] pci 0000:05:00.0: Signaling PME through PCIe PME interrupt
[    1.168682] pcieport 0000:04:02.0: Signaling PME through PCIe PME interrupt
[    1.168686] pci 0000:06:00.0: Signaling PME through PCIe PME interrupt
[    1.168692] pcie_pme 0000:00:02.0:pcie01: service driver pcie_pme loaded
[    1.168724] pcieport 0000:00:03.0: Signaling PME through PCIe PME interrupt
[    1.168728] pci 0000:07:00.0: Signaling PME through PCIe PME interrupt
[    1.168734] pcie_pme 0000:00:03.0:pcie01: service driver pcie_pme loaded
[    1.168763] pcieport 0000:00:11.0: Signaling PME through PCIe PME interrupt
[    1.168770] pcie_pme 0000:00:11.0:pcie01: service driver pcie_pme loaded
[    1.168798] pcieport 0000:00:1c.0: Signaling PME through PCIe PME interrupt
[    1.168805] pcie_pme 0000:00:1c.0:pcie01: service driver pcie_pme loaded
[    1.168838] pcieport 0000:00:1c.2: Signaling PME through PCIe PME interrupt
[    1.168841] pci 0000:0a:00.0: Signaling PME through PCIe PME interrupt
[    1.168848] pcie_pme 0000:00:1c.2:pcie01: service driver pcie_pme loaded
[    1.168875] pcieport 0000:20:00.0: Signaling PME through PCIe PME interrupt
[    1.168881] pcie_pme 0000:20:00.0:pcie01: service driver pcie_pme loaded
[    1.168910] pcieport 0000:20:02.0: Signaling PME through PCIe PME interrupt
[    1.168916] pcie_pme 0000:20:02.0:pcie01: service driver pcie_pme loaded
[    1.168955] pcieport 0000:20:03.0: Signaling PME through PCIe PME interrupt
[    1.168962] pcie_pme 0000:20:03.0:pcie01: service driver pcie_pme loaded
[    1.169011] pci_hotplug: PCI Hot Plug PCI Core version: 0.5
[    1.169047] pciehp: PCI Express Hot Plug Controller Driver version: 0.4
[    1.169212] intel_idle: MWAIT substates: 0x21120
[    1.169215] intel_idle: v0.4 model 0x2D
[    1.169217] intel_idle: lapic_timer_reliable_states 0xffffffff
[    1.169418] input: Power Button as /devices/LNXSYSTM:00/LNXSYBUS:00/PNP0C0C:00/input/input0
[    1.169427] ACPI: Power Button [PWRB]
[    1.169502] input: Power Button as /devices/LNXSYSTM:00/LNXPWRBN:00/input/input1
[    1.169508] ACPI: Power Button [PWRF]
[    1.206437] ERST: Table is not found!
[    1.206442] GHES: HEST is not enabled!
[    1.206532] isapnp: Scanning for PnP cards...
[    1.206603] Serial: 8250/16550 driver, 32 ports, IRQ sharing enabled
[    1.227115] serial8250: ttyS0 at I/O 0x3f8 (irq = 4) is a 16550A
[    1.383640] Freeing initrd memory: 13856k freed
[    1.559832] isapnp: No Plug & Play device found
[    1.593144] 00:09: ttyS0 at I/O 0x3f8 (irq = 4) is a 16550A
[    1.612545] Linux agpgart interface v0.103
[    1.614093] brd: module loaded
[    1.614788] loop: module loaded
[    1.614927] ahci 0000:00:1f.2: version 3.0
[    1.614936] ahci 0000:00:1f.2: PCI INT C -> GSI 18 (level, low) -> IRQ 18
[    1.614976] ahci 0000:00:1f.2: irq 98 for MSI/MSI-X
[    1.615047] ahci 0000:00:1f.2: AHCI 0001.0300 32 slots 6 ports 6 Gbps 0x1 impl SATA mode
[    1.615051] ahci 0000:00:1f.2: flags: 64bit ncq sntf pm led clo pio slum part ems apst 
[    1.615055] ahci 0000:00:1f.2: setting latency timer to 64
[    1.615592] scsi0 : ahci
[    1.615712] scsi1 : ahci
[    1.615827] scsi2 : ahci
[    1.615932] scsi3 : ahci
[    1.616053] scsi4 : ahci
[    1.616173] scsi5 : ahci
[    1.616275] ata1: SATA max UDMA/133 abar m2048@0xeb426000 port 0xeb426100 irq 98
[    1.616277] ata2: DUMMY
[    1.616278] ata3: DUMMY
[    1.616279] ata4: DUMMY
[    1.616280] ata5: DUMMY
[    1.616282] ata6: DUMMY
[    1.616747] Fixed MDIO Bus: probed
[    1.616766] tun: Universal TUN/TAP device driver, 1.6
[    1.616768] tun: (C) 1999-2004 Max Krasnyansky <maxk@qualcomm.com>
[    1.616807] PPP generic driver version 2.4.2
[    1.616901] ehci_hcd: USB 2.0 'Enhanced' Host Controller (EHCI) Driver
[    1.616915] ehci_hcd 0000:00:1a.0: PCI INT A -> GSI 16 (level, low) -> IRQ 16
[    1.616938] ehci_hcd 0000:00:1a.0: setting latency timer to 64
[    1.616941] ehci_hcd 0000:00:1a.0: EHCI Host Controller
[    1.616984] ehci_hcd 0000:00:1a.0: new USB bus registered, assigned bus number 1
[    1.617009] ehci_hcd 0000:00:1a.0: debug port 2
[    1.620904] ehci_hcd 0000:00:1a.0: cache line size of 64 is not supported
[    1.620921] ehci_hcd 0000:00:1a.0: irq 16, io mem 0xeb428000
[    1.636196] ehci_hcd 0000:00:1a.0: USB 2.0 started, EHCI 1.00
[    1.636395] hub 1-0:1.0: USB hub found
[    1.636400] hub 1-0:1.0: 2 ports detected
[    1.636492] ehci_hcd 0000:00:1d.0: PCI INT A -> GSI 17 (level, low) -> IRQ 17
[    1.636506] ehci_hcd 0000:00:1d.0: setting latency timer to 64
[    1.636509] ehci_hcd 0000:00:1d.0: EHCI Host Controller
[    1.636554] ehci_hcd 0000:00:1d.0: new USB bus registered, assigned bus number 2
[    1.636577] ehci_hcd 0000:00:1d.0: debug port 2
[    1.640457] ehci_hcd 0000:00:1d.0: cache line size of 64 is not supported
[    1.640471] ehci_hcd 0000:00:1d.0: irq 17, io mem 0xeb427000
[    1.656159] ehci_hcd 0000:00:1d.0: USB 2.0 started, EHCI 1.00
[    1.656285] hub 2-0:1.0: USB hub found
[    1.656288] hub 2-0:1.0: 2 ports detected
[    1.656386] ohci_hcd: USB 1.1 'Open' Host Controller (OHCI) Driver
[    1.656409] uhci_hcd: USB Universal Host Controller Interface driver
[    1.656447] xhci_hcd 0000:0a:00.0: PCI INT A -> GSI 18 (level, low) -> IRQ 18
[    1.656465] xhci_hcd 0000:0a:00.0: setting latency timer to 64
[    1.656469] xhci_hcd 0000:0a:00.0: xHCI Host Controller
[    1.656507] xhci_hcd 0000:0a:00.0: new USB bus registered, assigned bus number 3
[    1.656726] xhci_hcd 0000:0a:00.0: irq 99 for MSI/MSI-X
[    1.656733] xhci_hcd 0000:0a:00.0: irq 100 for MSI/MSI-X
[    1.656738] xhci_hcd 0000:0a:00.0: irq 101 for MSI/MSI-X
[    1.656744] xhci_hcd 0000:0a:00.0: irq 102 for MSI/MSI-X
[    1.656749] xhci_hcd 0000:0a:00.0: irq 103 for MSI/MSI-X
[    1.656755] xhci_hcd 0000:0a:00.0: irq 104 for MSI/MSI-X
[    1.656761] xhci_hcd 0000:0a:00.0: irq 105 for MSI/MSI-X
[    1.656766] xhci_hcd 0000:0a:00.0: irq 106 for MSI/MSI-X
[    1.656953] xHCI xhci_add_endpoint called for root hub
[    1.656955] xHCI xhci_check_bandwidth called for root hub
[    1.656979] hub 3-0:1.0: USB hub found
[    1.656987] hub 3-0:1.0: 2 ports detected
[    1.657073] xhci_hcd 0000:0a:00.0: xHCI Host Controller
[    1.657107] xhci_hcd 0000:0a:00.0: new USB bus registered, assigned bus number 4
[    1.660161] xHCI xhci_add_endpoint called for root hub
[    1.660162] xHCI xhci_check_bandwidth called for root hub
[    1.660183] hub 4-0:1.0: USB hub found
[    1.660190] hub 4-0:1.0: 2 ports detected
[    1.720112] usbcore: registered new interface driver libusual
[    1.720155] i8042: PNP: No PS/2 controller found. Probing ports directly.
[    1.720582] i8042: Warning: Keylock active
[    1.722376] serio: i8042 KBD port at 0x60,0x64 irq 1
[    1.722391] serio: i8042 AUX port at 0x60,0x64 irq 12
[    1.722683] mousedev: PS/2 mouse device common for all mice
[    1.722925] rtc_cmos 00:07: RTC can wake from S4
[    1.723102] rtc_cmos 00:07: rtc core: registered rtc_cmos as rtc0
[    1.723141] rtc0: alarms up to one year, y3k, 242 bytes nvram, hpet irqs
[    1.723260] device-mapper: uevent: version 1.0.3
[    1.723388] device-mapper: ioctl: 4.22.0-ioctl (2011-10-19) initialised: dm-devel@redhat.com
[    1.723427] EISA: Probing bus 0 at eisa.0
[    1.723431] EISA: Cannot allocate resource for mainboard
[    1.723434] Cannot allocate resource for EISA slot 1
[    1.723438] Cannot allocate resource for EISA slot 2
[    1.723441] Cannot allocate resource for EISA slot 3
[    1.723444] Cannot allocate resource for EISA slot 4
[    1.723447] Cannot allocate resource for EISA slot 5
[    1.723450] Cannot allocate resource for EISA slot 6
[    1.723453] Cannot allocate resource for EISA slot 7
[    1.723456] Cannot allocate resource for EISA slot 8
[    1.723459] EISA: Detected 0 cards.
[    1.723493] cpufreq-nforce2: No nForce2 chipset.
[    1.723589] input: AT Translated Set 2 keyboard as /devices/platform/i8042/serio0/input/input2
[    1.723972] cpuidle: using governor ladder
[    1.724696] cpuidle: using governor menu
[    1.724700] EFI Variables Facility v0.08 2004-May-17
[    1.725039] TCP cubic registered
[    1.725243] NET: Registered protocol family 10
[    1.725978] NET: Registered protocol family 17
[    1.725985] Registering the dns_resolver key type
[    1.726035] Using IPI No-Shortcut mode
[    1.726415] PM: Hibernation image not present or could not be loaded.
[    1.726439] registered taskstats version 1
[    1.740690]   Magic number: 14:557:444
[    1.740876] rtc_cmos 00:07: setting system clock to 2014-09-30 18:24:42 UTC (1412101482)
[    1.743076] BIOS EDD facility v0.16 2004-Jun-25, 0 devices found
[    1.743078] EDD information not available.
[    1.935767] ata1: SATA link up 1.5 Gbps (SStatus 113 SControl 300)
[    1.938942] ata1.00: ATAPI: PLDS DVD+/-RW DS-8A8SH, KD11, max UDMA/100
[    1.939988] ata1.00: configured for UDMA/100
[    1.947738] usb 1-1: new high-speed USB device number 2 using ehci_hcd
[    1.947938] scsi 0:0:0:0: CD-ROM            PLDS     DVD+-RW DS-8A8SH KD11 PQ: 0 ANSI: 5
[    1.957986] sr0: scsi3-mmc drive: 24x/24x writer dvd-ram cd/rw xa/form2 cdda tray
[    1.957990] cdrom: Uniform CD-ROM driver Revision: 3.20
[    1.958162] sr 0:0:0:0: Attached scsi CD-ROM sr0
[    1.958294] sr 0:0:0:0: Attached scsi generic sg0 type 5
[    1.959036] Freeing unused kernel memory: 744k freed
[    1.959418] Write protecting the kernel text: 5852k
[    1.959472] Write protecting the kernel read-only data: 2388k
[    1.959474] NX-protecting the kernel data: 4388k
[    1.977751] udevd[125]: starting version 175
[    2.003238] megasas: 00.00.06.12-rc1 Wed. Oct. 5 17:00:00 PDT 2011
[    2.003261] megasas: 0x1000:0x0073:0x1028:0x1f78: bus 7:slot 0:func 0
[    2.003274] megaraid_sas 0000:07:00.0: PCI INT A -> GSI 40 (level, low) -> IRQ 40
[    2.003280] megaraid_sas 0000:07:00.0: setting latency timer to 64
[    2.003896] megasas: FW now in Ready state
[    2.003950] megaraid_sas 0000:07:00.0: irq 107 for MSI/MSI-X
[    2.009298] e1000e: Intel(R) PRO/1000 Network Driver - 1.5.1-k
[    2.009301] e1000e: Copyright(c) 1999 - 2011 Intel Corporation.
[    2.009330] e1000e 0000:00:19.0: PCI INT A -> GSI 20 (level, low) -> IRQ 20
[    2.009341] e1000e 0000:00:19.0: setting latency timer to 64
[    2.009437] e1000e 0000:00:19.0: irq 108 for MSI/MSI-X
[    2.027562] megasas_init_mfi: fw_support_ieee=67108864
[    2.027565] megasas: INIT adapter done
[    2.080340] hub 1-1:1.0: USB hub found
[    2.080513] hub 1-1:1.0: 6 ports detected
[    2.099531] scsi6 : LSI SAS based MegaRAID driver
[    2.103044] scsi 6:0:0:0: Direct-Access     ATA      ST250DM000-1BD14 KC45 PQ: 0 ANSI: 5
[    2.111461] Refined TSC clocksource calibration: 2394.230 MHz.
[    2.111468] Switching to clocksource tsc
[    2.127342] sd 6:0:0:0: Attached scsi generic sg1 type 0
[    2.129290] sd 6:0:0:0: [sda] physical block alignment offset: 4096
[    2.129307] sd 6:0:0:0: [sda] 488397168 512-byte logical blocks: (250 GB/232 GiB)
[    2.129310] sd 6:0:0:0: [sda] 4096-byte physical blocks
[    2.161039] sd 6:0:0:0: [sda] Write Protect is off
[    2.161043] sd 6:0:0:0: [sda] Mode Sense: 73 00 00 08
[    2.191353] usb 2-1: new high-speed USB device number 2 using ehci_hcd
[    2.201235] sd 6:0:0:0: [sda] Write cache: enabled, read cache: enabled, doesn't support DPO or FUA
[    2.312403] e1000e 0000:00:19.0: eth0: (PCI Express:2.5GT/s:Width x1) 90:b1:1c:61:b1:b6
[    2.312406] e1000e 0000:00:19.0: eth0: Intel(R) PRO/1000 Network Connection
[    2.312451] e1000e 0000:00:19.0: eth0: MAC: 10, PHY: 11, PBA No: 6041FF-0FF
[    2.312847]  sda: sda1 sda2 < sda5 >
[    2.323795] hub 2-1:1.0: USB hub found
[    2.324005] hub 2-1:1.0: 8 ports detected
[    2.404531] sd 6:0:0:0: [sda] Attached SCSI disk
[    2.598796] usb 2-1.1: new low-speed USB device number 3 using ehci_hcd
[    2.618719] EXT4-fs (sda1): INFO: recovery required on readonly filesystem
[    2.618722] EXT4-fs (sda1): write access will be enabled during recovery
[    2.712855] input: Dell Dell USB Entry Keyboard as /devices/pci0000:00/0000:00:1d.0/usb2/2-1/2-1.1/2-1.1:1.0/input/input3
[    2.713095] generic-usb 0003:413C:2107.0001: input,hidraw0: USB HID v1.10 Keyboard [Dell Dell USB Entry Keyboard] on usb-0000:00:1d.0-1.1/input0
[    2.713126] usbcore: registered new interface driver usbhid
[    2.713128] usbhid: USB HID core driver
[    2.782513] usb 2-1.2: new low-speed USB device number 4 using ehci_hcd
[    2.880747] input: Dell Dell USB Optical Mouse as /devices/pci0000:00/0000:00:1d.0/usb2/2-1/2-1.2/2-1.2:1.0/input/input4
[    2.881066] generic-usb 0003:413C:3012.0002: input,hidraw1: USB HID v1.11 Mouse [Dell Dell USB Optical Mouse] on usb-0000:00:1d.0-1.2/input0
[    4.604671] EXT4-fs (sda1): orphan cleanup on readonly fs
[    4.604680] EXT4-fs (sda1): ext4_orphan_cleanup: deleting unreferenced inode 14418491
[    4.604723] EXT4-fs (sda1): ext4_orphan_cleanup: deleting unreferenced inode 14418616
[    4.604793] EXT4-fs (sda1): ext4_orphan_cleanup: deleting unreferenced inode 14418712
[    4.604826] EXT4-fs (sda1): ext4_orphan_cleanup: deleting unreferenced inode 14418600
[    4.604863] EXT4-fs (sda1): ext4_orphan_cleanup: deleting unreferenced inode 14418213
[    4.604884] EXT4-fs (sda1): ext4_orphan_cleanup: deleting unreferenced inode 14419490
[    4.604895] EXT4-fs (sda1): ext4_orphan_cleanup: deleting unreferenced inode 14419487
[    4.604930] EXT4-fs (sda1): ext4_orphan_cleanup: deleting unreferenced inode 7738590
[    4.604937] EXT4-fs (sda1): 8 orphan inodes deleted
[    4.604939] EXT4-fs (sda1): recovery complete
[    4.618561] EXT4-fs (sda1): mounted filesystem with ordered data mode. Opts: (null)
[   17.414006] Adding 8311804k swap on /dev/sda5.  Priority:-1 extents:1 across:8311804k 
[   17.418136] ADDRCONF(NETDEV_UP): eth0: link is not ready
[   17.451623] udevd[501]: starting version 175
[   17.522798] mei: module is from the staging directory, the quality is unknown, you have been warned.
[   17.523178] mei 0000:00:16.0: PCI INT A -> GSI 16 (level, low) -> IRQ 16
[   17.523188] mei 0000:00:16.0: setting latency timer to 64
[   17.523257] mei 0000:00:16.0: irq 109 for MSI/MSI-X
[   17.523501] wmi: Mapper loaded
[   17.525855] [drm] Initialized drm 1.1.0 20060810
[   17.526223] lp: driver loaded but no devices found
[   17.535297] nouveau 0000:05:00.0: PCI INT A -> GSI 32 (level, low) -> IRQ 32
[   17.535306] nouveau 0000:05:00.0: setting latency timer to 64
[   17.537161] [drm] nouveau 0000:05:00.0: Detected an NV50 generation card (0x298c00a2)
[   17.542486] [drm] nouveau 0000:05:00.0: Attempting to load BIOS image from PRAMIN
[   17.549613] type=1400 audit(1412101498.329:2): apparmor="STATUS" operation="profile_load" name="/sbin/dhclient" pid=583 comm="apparmor_parser"
[   17.550012] type=1400 audit(1412101498.329:3): apparmor="STATUS" operation="profile_load" name="/usr/lib/NetworkManager/nm-dhcp-client.action" pid=583 comm="apparmor_parser"
[   17.550236] type=1400 audit(1412101498.329:4): apparmor="STATUS" operation="profile_load" name="/usr/lib/connman/scripts/dhclient-script" pid=583 comm="apparmor_parser"
[   17.561495] dcdbas dcdbas: Dell Systems Management Base Driver (version 5.6.0-3.2)
[   17.583778] snd_hda_intel 0000:00:1b.0: PCI INT A -> GSI 22 (level, low) -> IRQ 22
[   17.583841] snd_hda_intel 0000:00:1b.0: irq 110 for MSI/MSI-X
[   17.583872] snd_hda_intel 0000:00:1b.0: setting latency timer to 64
[   17.603407] [drm] nouveau 0000:05:00.0: ... appears to be valid
[   17.603411] [drm] nouveau 0000:05:00.0: BIT BIOS found
[   17.603414] [drm] nouveau 0000:05:00.0: Bios version 62.98.6f.00
[   17.603418] [drm] nouveau 0000:05:00.0: TMDS table version 2.0
[   17.603420] [drm] nouveau 0000:05:00.0: Found Display Configuration Block version 4.0
[   17.603423] [drm] nouveau 0000:05:00.0: Raw DCB entry 0: 02000386 0f220010
[   17.603427] [drm] nouveau 0000:05:00.0: Raw DCB entry 1: 02000302 00020010
[   17.603429] [drm] nouveau 0000:05:00.0: Raw DCB entry 2: 040113a6 0f220010
[   17.603431] [drm] nouveau 0000:05:00.0: Raw DCB entry 3: 04011312 00020010
[   17.603434] [drm] nouveau 0000:05:00.0: DCB connector table: VHER 0x40 5 16 4
[   17.603437] [drm] nouveau 0000:05:00.0:   0: 0x00005046: type 0x46 idx 0 tag 0x07
[   17.603439] [drm] nouveau 0000:05:00.0:   1: 0x00006146: type 0x46 idx 1 tag 0x08
[   17.603444] [drm] nouveau 0000:05:00.0: Parsing VBIOS init table 0 at offset 0xDAF1
[   17.624546] hda_codec: ALC269: SKU not ready 0x411111f0
[   17.628511] [drm] nouveau 0000:05:00.0: Parsing VBIOS init table 1 at offset 0xDEF6
[   17.628835] input: HDA Intel PCH Rear Mic as /devices/pci0000:00/0000:00:1b.0/sound/card0/input5
[   17.628935] input: HDA Intel PCH Front Mic as /devices/pci0000:00/0000:00:1b.0/sound/card0/input6
[   17.629042] input: HDA Intel PCH Front Headphone as /devices/pci0000:00/0000:00:1b.0/sound/card0/input7
[   17.629132] input: HDA Intel PCH Line-Out as /devices/pci0000:00/0000:00:1b.0/sound/card0/input8
[   17.635292] [drm] nouveau 0000:05:00.0: Parsing VBIOS init table 2 at offset 0xE6C8
[   17.635300] [drm] nouveau 0000:05:00.0: Parsing VBIOS init table 3 at offset 0xE796
[   17.636371] [drm] nouveau 0000:05:00.0: Parsing VBIOS init table 4 at offset 0xEA4C
[   17.636374] [drm] nouveau 0000:05:00.0: Parsing VBIOS init table at offset 0xEAB1
[   17.656194] [drm] nouveau 0000:05:00.0: 0xEAB1: Condition still not met after 20ms, skipping following opcodes
[   17.876653] EXT4-fs (sda1): re-mounted. Opts: errors=remount-ro
[   18.014900] init: failsafe main process (1060) killed by TERM signal
[   18.062563] Bluetooth: Core ver 2.16
[   18.062583] NET: Registered protocol family 31
[   18.062587] Bluetooth: HCI device and connection manager initialized
[   18.062593] Bluetooth: HCI socket layer initialized
[   18.062598] Bluetooth: L2CAP socket layer initialized
[   18.062605] Bluetooth: SCO socket layer initialized
[   18.064220] Bluetooth: RFCOMM TTY layer initialized
[   18.064225] Bluetooth: RFCOMM socket layer initialized
[   18.064227] Bluetooth: RFCOMM ver 1.11
[   18.084230] ppdev: user-space parallel port driver
[   18.088186] type=1400 audit(1412101498.869:5): apparmor="STATUS" operation="profile_load" name="/usr/lib/lightdm/lightdm/lightdm-guest-session-wrapper" pid=1156 comm="apparmor_parser"
[   18.088510] type=1400 audit(1412101498.869:6): apparmor="STATUS" operation="profile_load" name="/usr/lib/lightdm/lightdm/lightdm-guest-session-wrapper//chromium_browser" pid=1156 comm="apparmor_parser"
[   18.089207] type=1400 audit(1412101498.869:7): apparmor="STATUS" operation="profile_load" name="/usr/sbin/tcpdump" pid=1163 comm="apparmor_parser"
[   18.090131] type=1400 audit(1412101498.873:8): apparmor="STATUS" operation="profile_load" name="/usr/lib/telepathy/mission-control-5" pid=1160 comm="apparmor_parser"
[   18.090142] type=1400 audit(1412101498.873:9): apparmor="STATUS" operation="profile_replace" name="/sbin/dhclient" pid=1157 comm="apparmor_parser"
[   18.090399] type=1400 audit(1412101498.873:10): apparmor="STATUS" operation="profile_load" name="/usr/lib/cups/backend/cups-pdf" pid=1161 comm="apparmor_parser"
[   18.090788] type=1400 audit(1412101498.873:11): apparmor="STATUS" operation="profile_replace" name="/usr/lib/NetworkManager/nm-dhcp-client.action" pid=1157 comm="apparmor_parser"
[   18.095172] Bluetooth: BNEP (Ethernet Emulation) ver 1.3
[   18.095174] Bluetooth: BNEP filters: protocol multicast
[   18.133370] [drm] nouveau 0000:05:00.0: 2 available performance level(s)
[   18.133376] [drm] nouveau 0000:05:00.0: 0: core 169MHz shader 358MHz memory 100MHz timing 1 voltage 900mV fanspeed 100%
[   18.133381] [drm] nouveau 0000:05:00.0: 3: core 550MHz shader 1400MHz memory 700MHz timing 2 voltage 1110mV fanspeed 100%
[   18.133398] [drm] nouveau 0000:05:00.0: c: core 550MHz shader 1400MHz memory 702MHz voltage 1110mV
[   18.136938] [TTM] Zone  kernel: Available graphics memory: 393480 kiB.
[   18.136940] [TTM] Zone highmem: Available graphics memory: 4093922 kiB.
[   18.136942] [TTM] Initializing pool allocator.
[   18.136953] [drm] nouveau 0000:05:00.0: Detected 256MiB VRAM
[   18.146747] [drm] nouveau 0000:05:00.0: 512 MiB GART (aperture)
[   18.247302] [drm] Supports vblank timestamp caching Rev 1 (10.10.2010).
[   18.247306] [drm] No driver support for vblank timestamp query.
[   18.249426] e1000e 0000:00:19.0: irq 108 for MSI/MSI-X
[   18.305103] e1000e 0000:00:19.0: irq 108 for MSI/MSI-X
[   18.305302] ADDRCONF(NETDEV_UP): eth0: link is not ready
[   18.305697] ADDRCONF(NETDEV_UP): eth0: link is not ready
[   18.515801] [drm] nouveau 0000:05:00.0: allocated 1920x1080 fb: 0x310000, bo ee44f800
[   18.515938] fbcon: nouveaufb (fb0) is primary device
[   18.516074] Console: switching to colour frame buffer device 240x67
[   18.516128] fb0: nouveaufb frame buffer device
[   18.516129] drm: registered panic notifier
[   18.516136] [drm] Initialized nouveau 0.0.16 20090420 for 0000:05:00.0 on minor 0
[   18.516181] nouveau 0000:06:00.0: PCI INT A -> GSI 37 (level, low) -> IRQ 37
[   18.516189] nouveau 0000:06:00.0: setting latency timer to 64
[   18.517480] [drm] nouveau 0000:06:00.0: Detected an NV50 generation card (0x298c00a2)
[   18.521273] [drm] nouveau 0000:06:00.0: Attempting to load BIOS image from PRAMIN
[   18.521281] [drm] nouveau 0000:06:00.0: ... BIOS signature not found
[   18.521282] [drm] nouveau 0000:06:00.0: Attempting to load BIOS image from PROM
[   18.705237] [drm] nouveau 0000:06:00.0: ... appears to be valid
[   18.705241] [drm] nouveau 0000:06:00.0: BIT BIOS found
[   18.705243] [drm] nouveau 0000:06:00.0: Bios version 62.98.6f.00
[   18.705246] [drm] nouveau 0000:06:00.0: TMDS table version 2.0
[   18.705248] [drm] nouveau 0000:06:00.0: Found Display Configuration Block version 4.0
[   18.705251] [drm] nouveau 0000:06:00.0: Raw DCB entry 0: 02000386 0f220010
[   18.705254] [drm] nouveau 0000:06:00.0: Raw DCB entry 1: 02000302 00020010
[   18.705256] [drm] nouveau 0000:06:00.0: Raw DCB entry 2: 040113a6 0f220010
[   18.705257] [drm] nouveau 0000:06:00.0: Raw DCB entry 3: 04011312 00020010
[   18.705260] [drm] nouveau 0000:06:00.0: DCB connector table: VHER 0x40 5 16 4
[   18.705263] [drm] nouveau 0000:06:00.0:   0: 0x00005046: type 0x46 idx 0 tag 0x07
[   18.705265] [drm] nouveau 0000:06:00.0:   1: 0x00006146: type 0x46 idx 1 tag 0x08
[   18.705273] [drm] nouveau 0000:06:00.0: Adaptor not initialised, running VBIOS init tables.
[   18.705275] [drm] nouveau 0000:06:00.0: Parsing VBIOS init table 0 at offset 0xDAF1
[   18.730524] [drm] nouveau 0000:06:00.0: Parsing VBIOS init table 1 at offset 0xDEF6
[   18.737317] [drm] nouveau 0000:06:00.0: Parsing VBIOS init table 2 at offset 0xE6C8
[   18.737350] [drm] nouveau 0000:06:00.0: Parsing VBIOS init table 3 at offset 0xE796
[   18.738443] [drm] nouveau 0000:06:00.0: Parsing VBIOS init table 4 at offset 0xEA4C
[   18.738445] [drm] nouveau 0000:06:00.0: Parsing VBIOS init table at offset 0xEAB1
[   19.038593] init: plymouth main process (382) killed by ABRT signal
[   19.235578] [drm] nouveau 0000:06:00.0: 2 available performance level(s)
[   19.235584] [drm] nouveau 0000:06:00.0: 0: core 169MHz shader 358MHz memory 100MHz timing 1 voltage 900mV fanspeed 100%
[   19.235588] [drm] nouveau 0000:06:00.0: 3: core 550MHz shader 1400MHz memory 700MHz timing 2 voltage 1110mV fanspeed 100%
[   19.235604] [drm] nouveau 0000:06:00.0: c: core 550MHz shader 1400MHz memory 702MHz
[   19.240746] [drm] nouveau 0000:06:00.0: Detected 256MiB VRAM
[   19.250085] [drm] nouveau 0000:06:00.0: 512 MiB GART (aperture)
[   19.345732] [drm] Initialized nouveau 0.0.16 20090420 for 0000:06:00.0 on minor 1
[   19.362258] init: plymouth-splash main process (1634) terminated with status 1
[   19.539893] init: plymouth-stop pre-start process (1897) terminated with status 1
[   21.775588] e1000e: eth0 NIC Link is Up 1000 Mbps Full Duplex, Flow Control: None
[   21.775719] ADDRCONF(NETDEV_CHANGE): eth0: link becomes ready
[   33.089321] input: PS/2 Generic Mouse as /devices/platform/i8042/serio1/input/input9
[169195.307441] IPv6: udp checksum is 0
[181555.968632] IPv6: udp checksum is 0
[597228.875644] usb 3-1: new high-speed USB device number 2 using xhci_hcd
[597228.934238] Initializing USB Mass Storage driver...
[597228.934632] scsi7 : usb-storage 3-1:1.0
[597228.934796] usbcore: registered new interface driver usb-storage
[597228.934800] USB Mass Storage support registered.
[597229.932180] scsi 7:0:0:0: Direct-Access     Generic  Flash Disk       8.07 PQ: 0 ANSI: 4
[597229.933734] sd 7:0:0:0: Attached scsi generic sg2 type 0
[597229.934439] sd 7:0:0:0: [sdb] 3891200 512-byte logical blocks: (1.99 GB/1.85 GiB)
[597229.935169] sd 7:0:0:0: [sdb] Write Protect is off
[597229.935176] sd 7:0:0:0: [sdb] Mode Sense: 23 00 00 00
[597229.936611] sd 7:0:0:0: [sdb] Write cache: disabled, read cache: enabled, doesn't support DPO or FUA
[597229.947335]  sdb: sdb1
[597229.950056] sd 7:0:0:0: [sdb] Attached SCSI removable disk
[599209.452649] usb 3-1: USB disconnect, device number 2
[601271.370510] [drm] nouveau 0000:05:00.0: PGRAPH - TRAP_M2MF OUT
[601271.370524] [drm] nouveau 0000:05:00.0: PGRAPH - TRAP_M2MF 00340141 42a795c0 00000000 05000e06
[601271.370529] [drm] nouveau 0000:05:00.0: PGRAPH - TRAP
[601271.370536] [drm] nouveau 0000:05:00.0: PGRAPH - ch 2 (0x0000c10000) subc 3 class 0x5039 mthd 0x0328 data 0x00000000
[601271.370554] [drm] nouveau 0000:05:00.0: VM: trapped write at 0x0042a78440 on ch 2 [0x00000c10] PGRAPH/DISPATCH/M2M_OUT reason: PAGE_NOT_PRESENT
[601943.947577] [drm] nouveau 0000:05:00.0: PGRAPH - TRAP_M2MF OUT
[601943.947590] [drm] nouveau 0000:05:00.0: PGRAPH - TRAP_M2MF 00340141 431870c0 00000000 05000e06
[601943.947596] [drm] nouveau 0000:05:00.0: PGRAPH - TRAP
[601943.947603] [drm] nouveau 0000:05:00.0: PGRAPH - ch 2 (0x0000c10000) subc 3 class 0x5039 mthd 0x0328 data 0x00000000
[601943.947617] [drm] nouveau 0000:05:00.0: VM: trapped write at 0x00431840d0 on ch 2 [0x00000c10] PGRAPH/DISPATCH/M2M_OUT reason: PAGE_NOT_PRESENT
[603314.948829] [drm] nouveau 0000:05:00.0: ntfy -28
[603345.654660] [drm] nouveau 0000:05:00.0: ntfy -28
[604865.520996] [drm] nouveau 0000:05:00.0: PGRAPH - TRAP_M2MF OUT
[604865.521010] [drm] nouveau 0000:05:00.0: PGRAPH - TRAP_M2MF 00340141 42a795c0 00000000 05000e06
[604865.521016] [drm] nouveau 0000:05:00.0: PGRAPH - TRAP
[604865.521023] [drm] nouveau 0000:05:00.0: PGRAPH - ch 2 (0x0000c10000) subc 3 class 0x5039 mthd 0x0328 data 0x00000000
[604865.521041] [drm] nouveau 0000:05:00.0: VM: trapped write at 0x0042a78440 on ch 2 [0x00000c10] PGRAPH/DISPATCH/M2M_OUT reason: PAGE_NOT_PRESENT
[605952.093244] [drm] nouveau 0000:05:00.0: PGRAPH - DATA_ERROR XY_OUT_OF_BOUNDS
[605952.093255] [drm] nouveau 0000:05:00.0: PGRAPH - DATA_ERROR
[605952.093263] [drm] nouveau 0000:05:00.0: PGRAPH - ch 4 (0x0002820000) subc 7 class 0x5039 mthd 0x0328 data 0x00000000
[611338.320904] [drm] nouveau 0000:05:00.0: ntfy -28
[611348.357848] [drm] nouveau 0000:05:00.0: ntfy -28
[611349.296939] show_signal_msg: 39 callbacks suppressed
[611349.296945] moby-view[7608]: segfault at 8 ip b7299949 sp bfc2594c error 6 in libOpenThreads.so.3.3.0[b7295000+6000]
[611351.631022] [drm] nouveau 0000:05:00.0: PGRAPH - TRAP_M2MF OUT
[611351.631037] [drm] nouveau 0000:05:00.0: PGRAPH - TRAP_M2MF 00340141 545bca00 00000000 05000e06
[611351.631043] [drm] nouveau 0000:05:00.0: PGRAPH - TRAP
[611351.631050] [drm] nouveau 0000:05:00.0: PGRAPH - ch 2 (0x0000c10000) subc 3 class 0x5039 mthd 0x0328 data 0x00000000
[611351.631067] [drm] nouveau 0000:05:00.0: VM: trapped write at 0x00545a0a20 on ch 2 [0x00000c10] PGRAPH/DISPATCH/M2M_OUT reason: PAGE_NOT_PRESENT
[611351.631516] [drm] nouveau 0000:05:00.0: PGRAPH - TRAP_M2MF OUT
[611351.631527] [drm] nouveau 0000:05:00.0: PGRAPH - TRAP_M2MF 00340041 546196a8 00000000 05000e06
[611351.631531] [drm] nouveau 0000:05:00.0: PGRAPH - TRAP
[611351.631537] [drm] nouveau 0000:05:00.0: PGRAPH - ch 2 (0x0000c10000) subc 3 class 0x5039 mthd 0x0328 data 0x00000000
[611351.631553] [drm] nouveau 0000:05:00.0: VM: trapped write at 0x0054619660 on ch 2 [0x00000c10] PGRAPH/DISPATCH/M2M_OUT reason: PAGE_NOT_PRESENT
[611351.631824] [drm] nouveau 0000:05:00.0: PGRAPH - TRAP_M2MF OUT
[611351.631833] [drm] nouveau 0000:05:00.0: PGRAPH - TRAP_M2MF 00340141 54685680 00000000 05000e06
[611351.631838] [drm] nouveau 0000:05:00.0: PGRAPH - TRAP
[611351.631843] [drm] nouveau 0000:05:00.0: PGRAPH - ch 2 (0x0000c10000) subc 3 class 0x5039 mthd 0x0328 data 0x00000000
[611351.631859] [drm] nouveau 0000:05:00.0: VM: trapped write at 0x005467d660 on ch 2 [0x00000c10] PGRAPH/DISPATCH/M2M_OUT reason: PAGE_NOT_PRESENT
[611351.632769] [drm] nouveau 0000:05:00.0: PGRAPH - TRAP_M2MF OUT
[611351.632779] [drm] nouveau 0000:05:00.0: PGRAPH - TRAP_M2MF 00340141 54a76ac0 00000000 05000e06
[611351.632784] [drm] nouveau 0000:05:00.0: PGRAPH - TRAP
[611351.632789] [drm] nouveau 0000:05:00.0: PGRAPH - ch 2 (0x0000c10000) subc 3 class 0x5039 mthd 0x0328 data 0x00000000
[611351.632805] [drm] nouveau 0000:05:00.0: VM: trapped write at 0x0054a5aae0 on ch 2 [0x00000c10] PGRAPH/DISPATCH/M2M_OUT reason: PAGE_NOT_PRESENT
[611366.916427] [drm] nouveau 0000:05:00.0: ntfy -28
[611969.037612] [drm] nouveau 0000:05:00.0: ntfy -28
[612033.520092] [drm] nouveau 0000:05:00.0: ntfy -28
[612131.961171] [drm] nouveau 0000:05:00.0: ntfy -28
[612790.036638] [drm] nouveau 0000:05:00.0: ntfy -28
[615647.972348] [drm] nouveau 0000:05:00.0: PGRAPH - TRAP_M2MF OUT
[615647.972362] [drm] nouveau 0000:05:00.0: PGRAPH - TRAP_M2MF 00340041 546047a8 00000000 05000e06
[615647.972368] [drm] nouveau 0000:05:00.0: PGRAPH - TRAP
[615647.972375] [drm] nouveau 0000:05:00.0: PGRAPH - ch 2 (0x0000c10000) subc 3 class 0x5039 mthd 0x0328 data 0x00000000
[615647.972392] [drm] nouveau 0000:05:00.0: VM: trapped write at 0x0054604660 on ch 2 [0x00000c10] PGRAPH/DISPATCH/M2M_OUT reason: PAGE_NOT_PRESENT
[858781.513408] IPv6: udp checksum is 0
[883926.745367] IPv6: udp checksum is 0
[1462349.025034] usb 2-1.3: new high-speed USB device number 5 using ehci_hcd
[1462349.250183] ipheth 2-1.3:4.2: Apple iPhone USB Ethernet device attached
[1462349.250219] usbcore: registered new interface driver ipheth
[1462349.305587] ADDRCONF(NETDEV_UP): eth1: link is not ready
[1462349.306178] ADDRCONF(NETDEV_UP): eth1: link is not ready
[1465979.608728] ipheth: ipheth_rcvbulk_callback: urb status: -71
[1465979.847481] usb 2-1.3: USB disconnect, device number 5
[1465979.879641] ipheth 2-1.3:4.2: Apple iPhone USB Ethernet now disconnected
[1547963.794507] e1000e: eth0 NIC Link is Down
[1547968.098013] ADDRCONF(NETDEV_UP): eth0: link is not ready
[1548008.646778] e1000e: eth0 NIC Link is Up 1000 Mbps Full Duplex, Flow Control: None
[1548008.647012] ADDRCONF(NETDEV_CHANGE): eth0: link becomes ready
[1727846.041227] [drm] nouveau 0000:05:00.0: PGRAPH - TRAP_M2MF OUT
[1727846.041253] [drm] nouveau 0000:05:00.0: PGRAPH - TRAP_M2MF 00340141 545bfa00 00000000 05000e06
[1727846.041256] [drm] nouveau 0000:05:00.0: PGRAPH - TRAP
[1727846.041260] [drm] nouveau 0000:05:00.0: PGRAPH - ch 2 (0x0000c10000) subc 3 class 0x5039 mthd 0x0328 data 0x00000000
[1727846.041273] [drm] nouveau 0000:05:00.0: VM: trapped write at 0x00545a0a20 on ch 2 [0x00000c10] PGRAPH/DISPATCH/M2M_OUT reason: PAGE_NOT_PRESENT
[1729834.623100] [drm] nouveau 0000:05:00.0: PGRAPH - TRAP_M2MF OUT
[1729834.623114] [drm] nouveau 0000:05:00.0: PGRAPH - TRAP_M2MF 00340141 54608700 00000000 05000e06
[1729834.623120] [drm] nouveau 0000:05:00.0: PGRAPH - TRAP
[1729834.623127] [drm] nouveau 0000:05:00.0: PGRAPH - ch 2 (0x0000c10000) subc 3 class 0x5039 mthd 0x0328 data 0x00000000
[1729834.623145] [drm] nouveau 0000:05:00.0: VM: trapped write at 0x0054604660 on ch 2 [0x00000c10] PGRAPH/DISPATCH/M2M_OUT reason: PAGE_NOT_PRESENT
[1737022.923201] [drm] nouveau 0000:05:00.0: PGRAPH - TRAP_M2MF OUT
[1737022.923211] [drm] nouveau 0000:05:00.0: PGRAPH - TRAP_M2MF 00340141 546057c0 00000000 05000e06
[1737022.923215] [drm] nouveau 0000:05:00.0: PGRAPH - TRAP
[1737022.923218] [drm] nouveau 0000:05:00.0: PGRAPH - ch 2 (0x0000c10000) subc 3 class 0x5039 mthd 0x0328 data 0x00000000
[1737022.923231] [drm] nouveau 0000:05:00.0: VM: trapped write at 0x0054604660 on ch 2 [0x00000c10] PGRAPH/DISPATCH/M2M_OUT reason: PAGE_NOT_PRESENT
[1744211.219665] [drm] nouveau 0000:05:00.0: PGRAPH - TRAP_M2MF OUT
[1744211.219675] [drm] nouveau 0000:05:00.0: PGRAPH - TRAP_M2MF 00340141 546057c0 00000000 05000e06
[1744211.219678] [drm] nouveau 0000:05:00.0: PGRAPH - TRAP
[1744211.219682] [drm] nouveau 0000:05:00.0: PGRAPH - ch 2 (0x0000c10000) subc 3 class 0x5039 mthd 0x0328 data 0x00000000
[1744211.219695] [drm] nouveau 0000:05:00.0: VM: trapped write at 0x0054604660 on ch 2 [0x00000c10] PGRAPH/DISPATCH/M2M_OUT reason: PAGE_NOT_PRESENT
[1747925.674603] [drm] nouveau 0000:05:00.0: PGRAPH - TRAP_M2MF OUT
[1747925.674619] [drm] nouveau 0000:05:00.0: PGRAPH - TRAP_M2MF 00340141 59cf7a00 00000000 05000e06
[1747925.674625] [drm] nouveau 0000:05:00.0: PGRAPH - TRAP
[1747925.674632] [drm] nouveau 0000:05:00.0: PGRAPH - ch 2 (0x0000c10000) subc 3 class 0x5039 mthd 0x0328 data 0x00000000
[1747925.674647] [drm] nouveau 0000:05:00.0: VM: trapped write at 0x0059ce0a20 on ch 2 [0x00000c10] PGRAPH/DISPATCH/M2M_OUT reason: PAGE_NOT_PRESENT
[1751067.880050] [drm] nouveau 0000:05:00.0: PGRAPH - TRAP_M2MF OUT
[1751067.880065] [drm] nouveau 0000:05:00.0: PGRAPH - TRAP_M2MF 00340141 59d46680 00000000 05000e06
[1751067.880070] [drm] nouveau 0000:05:00.0: PGRAPH - TRAP
[1751067.880078] [drm] nouveau 0000:05:00.0: PGRAPH - ch 2 (0x0000c10000) subc 3 class 0x5039 mthd 0x0328 data 0x00000000
[1751067.880095] [drm] nouveau 0000:05:00.0: VM: trapped write at 0x0059d44660 on ch 2 [0x00000c10] PGRAPH/DISPATCH/M2M_OUT reason: PAGE_NOT_PRESENT
[1752624.282535] [drm] nouveau 0000:05:00.0: PGRAPH - TRAP_M2MF OUT
[1752624.282549] [drm] nouveau 0000:05:00.0: PGRAPH - TRAP_M2MF 00340141 59e35ec0 00000000 05000e06
[1752624.282554] [drm] nouveau 0000:05:00.0: PGRAPH - TRAP
[1752624.282562] [drm] nouveau 0000:05:00.0: PGRAPH - ch 2 (0x0000c10000) subc 3 class 0x5039 mthd 0x0328 data 0x00000000
[1752624.282579] [drm] nouveau 0000:05:00.0: VM: trapped write at 0x0059e32e60 on ch 2 [0x00000c10] PGRAPH/DISPATCH/M2M_OUT reason: PAGE_NOT_PRESENT
[1804049.927830] usb 2-1.1: USB disconnect, device number 3
[1804661.803814] usb 3-1: new low-speed USB device number 3 using xhci_hcd
[1804661.854838] usb 3-1: ep 0x81 - rounding interval to 64 microframes, ep desc says 80 microframes
[1804661.869871] input: Dell Dell USB Entry Keyboard as /devices/pci0000:00/0000:00:1c.2/0000:0a:00.0/usb3/3-1/3-1:1.0/input/input10
[1804661.870240] generic-usb 0003:413C:2107.0003: input,hidraw0: USB HID v1.10 Keyboard [Dell Dell USB Entry Keyboard] on usb-0000:0a:00.0-1/input0
[2045229.682629] IPv6: udp checksum is 0
[2159340.240362] [drm] nouveau 0000:05:00.0: PGRAPH - DATA_ERROR XY_OUT_OF_BOUNDS
[2159340.240367] [drm] nouveau 0000:05:00.0: PGRAPH - DATA_ERROR
[2159340.240371] [drm] nouveau 0000:05:00.0: PGRAPH - ch 4 (0x0002820000) subc 7 class 0x5039 mthd 0x0328 data 0x00000000
Attempting to open port: /dev/ttyS0
Port: /dev/ttyS0 opened successfully.
----------------------------------------------------------------------
Attempting to set communications mode to IMU Direct mode
----------------------------------------------------------------------

Communications mode IMU Direct.


----------------------------------------------------------------------
Idling Device
----------------------------------------------------------------------



----------------------------------------------------------------------
Pinging Device
----------------------------------------------------------------------



----------------------------------------------------------------------
Getting Device Information
----------------------------------------------------------------------



Device Info:
---------------------------------------------
Model Name       =>       3DM-GX4-10
Model Number     =>        6237-4230
Serial Number    =>       6237.21072
Lot Number       =>                 
Options          =>        5g,300dps
Firmware Version => 4.0.37



----------------------------------------------------------------------
Getting Supported descriptors
----------------------------------------------------------------------



Supported descriptors:

Descriptor Set: 01, Descriptor: 01
Descriptor Set: 01, Descriptor: 02
Descriptor Set: 01, Descriptor: 03
Descriptor Set: 01, Descriptor: 04
Descriptor Set: 01, Descriptor: 05
Descriptor Set: 01, Descriptor: 06
Descriptor Set: 01, Descriptor: 7e
Descriptor Set: 0c, Descriptor: 01
Descriptor Set: 0c, Descriptor: 06
Descriptor Set: 0c, Descriptor: 08
Descriptor Set: 0c, Descriptor: 11
Descriptor Set: 0c, Descriptor: 30
Descriptor Set: 0c, Descriptor: 37
Descriptor Set: 0c, Descriptor: 38
Descriptor Set: 0c, Descriptor: 39
Descriptor Set: 0c, Descriptor: 3e
Descriptor Set: 0c, Descriptor: 3a
Descriptor Set: 0c, Descriptor: 3b
Descriptor Set: 0c, Descriptor: 64
Descriptor Set: 7f, Descriptor: 01
Descriptor Set: 7f, Descriptor: 10
Descriptor Set: 7f, Descriptor: 11
Descriptor Set: 80, Descriptor: 01
Descriptor Set: 80, Descriptor: 02
Descriptor Set: 80, Descriptor: 04
Descriptor Set: 80, Descriptor: 05
Descriptor Set: 80, Descriptor: 07
Descriptor Set: 80, Descriptor: 08
Descriptor Set: 80, Descriptor: 0d
Descriptor Set: 80, Descriptor: 0e
Descriptor Set: 80, Descriptor: 12
Descriptor Set: 80, Descriptor: 14
Descriptor Set: 80, Descriptor: 03
Descriptor Set: 80, Descriptor: 06
Descriptor Set: 80, Descriptor: 16
Descriptor Set: 80, Descriptor: 17


----------------------------------------------------------------------
Running Built In Test
----------------------------------------------------------------------


BIT Result (should be 0x00000000) => 0x00000000



----------------------------------------------------------------------
Getting the AHRS datastream base rate
----------------------------------------------------------------------


AHRS Base Rate => 1000 Hz



----------------------------------------------------------------------
Requesting BASIC Status Report:
----------------------------------------------------------------------

Model Number: 					6237
Status Selector: 				Basic Status Report
Status Flags: 					0x00000000
System Millisecond Timer Count: 		4299085910 ms

Requesting DIAGNOSTIC Status Report:
Model Number: 					6237
Status Selector: 				Diagnostic Status Report
Status Flags: 					0x00000000
System Millisecond Timer Count: 		8594053210 ms
Magnetometer: 					DETECTED
Pressure Sensor: 				DETECTED
Gyro Range Reported: 				11265 deg/s
Accel Range Reported: 				5 G
Magnetometer Range Reported: 			0.000000 Gs
Pressure Range Reported: 			0.000000 hPa
Measured Internal Temperature: 			38.530426 degrees C
Last Temperature Measured: 			4118607 ms
Bad Temperature Sensor Detected: 		FALSE
Number Received GPS Pulse-Per-Second Pulses: 	0 Pulses
Time of Last GPS Pulse-Per-Second Pulse: 	0 ms
Data Streaming Enabled: 			TRUE
Number of Dropped Communication Packets: 	0 packets
Communications Port Bytes Written: 		415119238 Bytes
Communications Port Bytes Read: 		90515 Bytes
Communications Port Write Overruns: 		0 Bytes
Communications Port Read Overruns: 		0 Bytes


----------------------------------------------------------------------
Disabling Coning and Sculling compensation
----------------------------------------------------------------------

Reading Coning and Sculling compensation enabled state:
DISABLED

Enabling Coning and Sculling compensation.
Reading Coning and Sculling compensation enabled state:
ENABLED



----------------------------------------------------------------------
Accel Bias Vector
----------------------------------------------------------------------

Setting Accel Bias Vector:
bias_vector[0] = 1.000000
bias_vector[1] = 2.000000
bias_vector[2] = 3.000000

Reading current Accel Bias Vector:
bias_vector[0] = 1.000000
bias_vector[1] = 2.000000
bias_vector[2] = 3.000000

Resetting Accel Bias to default state.



----------------------------------------------------------------------
Gyro Bias Vector
----------------------------------------------------------------------

Setting Gyro Bias Vector:
bias_vector[0] = 4.000000
bias_vector[1] = 5.000000
bias_vector[2] = 6.000000

Reading current Gyro Bias Vector:
bias_vector[0] = 4.000000
bias_vector[1] = 5.000000
bias_vector[2] = 6.000000

Resetting Gyro Bias to default state.



----------------------------------------------------------------------
Performing Gyro Bias capture.
Please keep device stationary during the 5 second gyro bias capture interval
----------------------------------------------------------------------

Gyro Bias Captured:
bias_vector[0] = 0.001261
bias_vector[1] = 0.002205
bias_vector[2] = 0.003077



----------------------------------------------------------------------
Setting the hard iron offset values
----------------------------------------------------------------------

Hard iron offset values successfully set.


Loading the default hard iron offset values.



----------------------------------------------------------------------
Setting the soft iron matrix values
----------------------------------------------------------------------

Soft iron matrix values successfully set.


Loading the default soft iron matrix values.



----------------------------------------------------------------------
Setting the AHRS message format
----------------------------------------------------------------------



----------------------------------------------------------------------
Polling AHRS Data.
----------------------------------------------------------------------



----------------------------------------------------------------------
Putting Device Into Standard Mode
----------------------------------------------------------------------



----------------------------------------------------------------------
Idling Device
----------------------------------------------------------------------



----------------------------------------------------------------------
Pinging Device
----------------------------------------------------------------------



----------------------------------------------------------------------
Getting Device Information
----------------------------------------------------------------------

Device Info:
---------------------------------------------
Model Name       =>       3DM-GX4-25
Model Number     =>        6234-4220
Serial Number    =>       6234.21072
Lot Number       =>                 
Options          =>        5g,300dps
Firmware Version => 1.1.04



----------------------------------------------------------------------
Getting Supported descriptors
----------------------------------------------------------------------



Supported descriptors:

Descriptor Set: 01, Descriptor: 01
Descriptor Set: 01, Descriptor: 02
Descriptor Set: 01, Descriptor: 03
Descriptor Set: 01, Descriptor: 04
Descriptor Set: 01, Descriptor: 05
Descriptor Set: 01, Descriptor: 06
Descriptor Set: 01, Descriptor: 72
Descriptor Set: 01, Descriptor: 7e
Descriptor Set: 0c, Descriptor: 01
Descriptor Set: 0c, Descriptor: 03
Descriptor Set: 0c, Descriptor: 06
Descriptor Set: 0c, Descriptor: 08
Descriptor Set: 0c, Descriptor: 0b
Descriptor Set: 0c, Descriptor: 0a
Descriptor Set: 0c, Descriptor: 11
Descriptor Set: 0c, Descriptor: 30
Descriptor Set: 0c, Descriptor: 37
Descriptor Set: 0c, Descriptor: 38
Descriptor Set: 0c, Descriptor: 39
Descriptor Set: 0c, Descriptor: 3a
Descriptor Set: 0c, Descriptor: 3b
Descriptor Set: 0c, Descriptor: 3c
Descriptor Set: 0c, Descriptor: 3d
Descriptor Set: 0c, Descriptor: 3e
Descriptor Set: 0c, Descriptor: 40
Descriptor Set: 0c, Descriptor: 50
Descriptor Set: 0c, Descriptor: 51
Descriptor Set: 0c, Descriptor: 64
Descriptor Set: 0d, Descriptor: 01
Descriptor Set: 0d, Descriptor: 02
Descriptor Set: 0d, Descriptor: 03
Descriptor Set: 0d, Descriptor: 04
Descriptor Set: 0d, Descriptor: 21
Descriptor Set: 0d, Descriptor: 11
Descriptor Set: 0d, Descriptor: 14
Descriptor Set: 0d, Descriptor: 17
Descriptor Set: 0d, Descriptor: 18
Descriptor Set: 0d, Descriptor: 19
Descriptor Set: 0d, Descriptor: 1a
Descriptor Set: 0d, Descriptor: 1b
Descriptor Set: 0d, Descriptor: 1d
Descriptor Set: 0d, Descriptor: 1f
Descriptor Set: 0d, Descriptor: 20
Descriptor Set: 0d, Descriptor: 23
Descriptor Set: 0d, Descriptor: 26
Descriptor Set: 0d, Descriptor: 41
Descriptor Set: 0d, Descriptor: 42
Descriptor Set: 0d, Descriptor: 43
Descriptor Set: 0d, Descriptor: 44
Descriptor Set: 0d, Descriptor: 45
Descriptor Set: 0d, Descriptor: 46
Descriptor Set: 7f, Descriptor: 10
Descriptor Set: 80, Descriptor: 04
Descriptor Set: 80, Descriptor: 05
Descriptor Set: 80, Descriptor: 06
Descriptor Set: 80, Descriptor: 07
Descriptor Set: 80, Descriptor: 08
Descriptor Set: 80, Descriptor: 12
Descriptor Set: 80, Descriptor: 17
Descriptor Set: 80, Descriptor: 09
Descriptor Set: 80, Descriptor: 0c
Descriptor Set: 80, Descriptor: 0a
Descriptor Set: 80, Descriptor: 10
Descriptor Set: 80, Descriptor: 11
Descriptor Set: 82, Descriptor: 10
Descriptor Set: 82, Descriptor: 11
Descriptor Set: 82, Descriptor: 03
Descriptor Set: 82, Descriptor: 04
Descriptor Set: 82, Descriptor: 05
Descriptor Set: 82, Descriptor: 06
Descriptor Set: 82, Descriptor: 0a
Descriptor Set: 82, Descriptor: 0b
Descriptor Set: 82, Descriptor: 0d
Descriptor Set: 82, Descriptor: 0e
Descriptor Set: 82, Descriptor: 0f
Descriptor Set: 82, Descriptor: 12
Descriptor Set: 82, Descriptor: 13
Descriptor Set: 82, Descriptor: 14
Descriptor Set: 82, Descriptor: 15
Descriptor Set: 82, Descriptor: 21


----------------------------------------------------------------------
Running Built In Test
----------------------------------------------------------------------


BIT Result (should be 0x00000000) => 0x00000000



----------------------------------------------------------------------
Getting the AHRS datastream base rate
----------------------------------------------------------------------


AHRS Base Rate => 1000 Hz


----------------------------------------------------------------------
Getting the Estimation Filter datastream base rate
----------------------------------------------------------------------


FILTER Base Rate => 500 Hz


----------------------------------------------------------------------
Toggling Coning and Sculling compensation
